{
    "Should stub quantify paired-end reads with Kallisto and return mocked quantification results with JSON and log": {
        "content": [
            {
                "0": [
                    [
                        {
                            "id": "test",
                            "lib_type": "reverse",
                            "single_end": false
                        },
                        [
                            "abundance.h5:md5,d41d8cd98f00b204e9800998ecf8427e",
                            "abundance.tsv:md5,d41d8cd98f00b204e9800998ecf8427e",
                            "run_info.json:md5,d41d8cd98f00b204e9800998ecf8427e"
                        ]
                    ]
                ],
                "1": [
                    [
                        {
                            "id": "test",
                            "lib_type": "reverse",
                            "single_end": false
                        },
                        "run_info.json:md5,d41d8cd98f00b204e9800998ecf8427e"
                    ]
                ],
                "2": [
                    [
                        {
                            "id": "test",
                            "lib_type": "reverse",
                            "single_end": false
                        },
                        "kallisto_test_quant.log:md5,d41d8cd98f00b204e9800998ecf8427e"
                    ]
                ],
                "3": [
                    "versions.yml:md5,9956d7fa99ceece8d7ea0ec3e780d970"
                ],
                "json_info": [
                    [
                        {
                            "id": "test",
                            "lib_type": "reverse",
                            "single_end": false
                        },
                        "run_info.json:md5,d41d8cd98f00b204e9800998ecf8427e"
                    ]
                ],
                "log": [
                    [
                        {
                            "id": "test",
                            "lib_type": "reverse",
                            "single_end": false
                        },
                        "kallisto_test_quant.log:md5,d41d8cd98f00b204e9800998ecf8427e"
                    ]
                ],
                "quant_dir": [
                    [
                        {
                            "id": "test",
                            "lib_type": "reverse",
                            "single_end": false
                        },
                        [
                            "abundance.h5:md5,d41d8cd98f00b204e9800998ecf8427e",
                            "abundance.tsv:md5,d41d8cd98f00b204e9800998ecf8427e",
                            "run_info.json:md5,d41d8cd98f00b204e9800998ecf8427e"
                        ]
                    ]
                ],
                "versions": [
                    "versions.yml:md5,9956d7fa99ceece8d7ea0ec3e780d970"
                ]
            }
        ],
        "meta": {
            "nf-test": "0.9.3",
            "nextflow": "25.10.2"
        },
        "timestamp": "2026-01-16T21:24:48.882982385"
    },
    "versions_paired_end": {
        "content": [
            [
                "versions.yml:md5,9956d7fa99ceece8d7ea0ec3e780d970"
            ]
        ],
        "meta": {
            "nf-test": "0.9.3",
            "nextflow": "25.10.2"
        },
        "timestamp": "2026-01-16T21:23:00.365660181"
    },
    "versions_single_end": {
        "content": [
            [
                "versions.yml:md5,9956d7fa99ceece8d7ea0ec3e780d970"
            ]
        ],
        "meta": {
            "nf-test": "0.9.3",
            "nextflow": "25.10.2"
        },
        "timestamp": "2026-01-16T21:22:08.458853125"
    },
    "Should stub quantify single-end reads with Kallisto and return mocked quantification results with JSON and log": {
        "content": [
            {
                "0": [
                    [
                        {
                            "id": "test",
                            "lib_type": "forward",
                            "single_end": true
                        },
                        [
                            "abundance.h5:md5,d41d8cd98f00b204e9800998ecf8427e",
                            "abundance.tsv:md5,d41d8cd98f00b204e9800998ecf8427e",
                            "run_info.json:md5,d41d8cd98f00b204e9800998ecf8427e"
                        ]
                    ]
                ],
                "1": [
                    [
                        {
                            "id": "test",
                            "lib_type": "forward",
                            "single_end": true
                        },
                        "run_info.json:md5,d41d8cd98f00b204e9800998ecf8427e"
                    ]
                ],
                "2": [
                    [
                        {
                            "id": "test",
                            "lib_type": "forward",
                            "single_end": true
                        },
                        "kallisto_test_quant.log:md5,d41d8cd98f00b204e9800998ecf8427e"
                    ]
                ],
                "3": [
                    "versions.yml:md5,9956d7fa99ceece8d7ea0ec3e780d970"
                ],
                "json_info": [
                    [
                        {
                            "id": "test",
                            "lib_type": "forward",
                            "single_end": true
                        },
                        "run_info.json:md5,d41d8cd98f00b204e9800998ecf8427e"
                    ]
                ],
                "log": [
                    [
                        {
                            "id": "test",
                            "lib_type": "forward",
                            "single_end": true
                        },
                        "kallisto_test_quant.log:md5,d41d8cd98f00b204e9800998ecf8427e"
                    ]
                ],
                "quant_dir": [
                    [
                        {
                            "id": "test",
                            "lib_type": "forward",
                            "single_end": true
                        },
                        [
                            "abundance.h5:md5,d41d8cd98f00b204e9800998ecf8427e",
                            "abundance.tsv:md5,d41d8cd98f00b204e9800998ecf8427e",
                            "run_info.json:md5,d41d8cd98f00b204e9800998ecf8427e"
                        ]
                    ]
                ],
                "versions": [
                    "versions.yml:md5,9956d7fa99ceece8d7ea0ec3e780d970"
                ]
            }
        ],
        "meta": {
            "nf-test": "0.9.3",
            "nextflow": "25.10.2"
        },
        "timestamp": "2026-01-16T21:23:53.903616456"
    }
}