{
    "-profile test - stub": {
        "content": [
            {
                "CUTADAPT": {
                    "cutadapt": "5.2"
                },
                "DESEQ2_DE": {
                    "bioconductor-deseq2": "1.46.0",
                    "r-base": "4.4.0"
                },
                "DE_VISUALIZATION": {
                    "bioconductor-enhancedvolcano": "1.24.0",
                    "r-base": "4.4.0",
                    "r-pheatmap": "1.0.13",
                    "r-rcolorbrewer": "1.1.3"
                },
                "FASTQC_RAW": {
                    "fastqc": "0.12.1"
                },
                "FASTQC_TRIM": {
                    "fastqc": "0.12.1"
                },
                "GO_ENRICHMENT": {
                    "bioconductor-biomart": "2.62.0",
                    "bioconductor-clusterprofiler": "4.14.0",
                    "bioconductor-org.at.tair.db": "3.20.0",
                    "bioconductor-org.bt.eg.db": "3.20.0",
                    "bioconductor-org.ce.eg.db": "3.20.0",
                    "bioconductor-org.cf.eg.db": "3.20.0",
                    "bioconductor-org.dm.eg.db": "3.20.0",
                    "bioconductor-org.dr.eg.db": "3.20.0",
                    "bioconductor-org.gg.eg.db": "3.20.0",
                    "bioconductor-org.hs.eg.db": "3.20.0",
                    "bioconductor-org.mm.eg.db": "3.20.0",
                    "bioconductor-org.mmu.eg.db": "3.20.0",
                    "bioconductor-org.rn.eg.db": "3.20.0",
                    "bioconductor-org.sc.sgd.db": "3.20.0",
                    "bioconductor-org.ss.eg.db": "3.20.0",
                    "r-base": "4.4.0",
                    "r-dplyr": "1.1.4",
                    "r-ggplot2": "4.0.1",
                    "r-purrr": "1.2.1",
                    "r-tibble": "3.3.1"
                },
                "KALLISTO_INDEX": {
                    "kallisto": "0.51.1"
                },
                "KALLISTO_QUANT": {
                    "kallisto": "0.51.1"
                },
                "QC_VISUALIZATION": {
                    "bioconductor-deseq2": "1.46.0",
                    "bioconductor-edger": "4.4.0",
                    "r-base": "4.4.0",
                    "r-cowplot": "1.2.0",
                    "r-dplyr": "1.1.4",
                    "r-ggplot2": "4.0.1",
                    "r-mass": "7.3.65",
                    "r-tibble": "3.3.1",
                    "r-tidyr": "1.3.2"
                },
                "SALMON_INDEX": {
                    "salmon": "1.10.3"
                },
                "TX2GENE": {
                    "bioconductor-biomart": "2.62.0",
                    "r-base": "4.4.0"
                },
                "TXIMPORT": {
                    "bioconductor-rhdf5": "2.50.0",
                    "bioconductor-tximport": "1.34.0",
                    "r-base": "4.4.0"
                },
                "Workflow": {
                    "LoaiEletr/rnaseq": "v1.0.0dev"
                }
            },
            [
                "differential_analysis",
                "differential_analysis/gene_expression",
                "differential_analysis/gene_expression/plots_and_enrichment",
                "differential_analysis/gene_expression/plots_and_enrichment/GO_results",
                "differential_analysis/gene_expression/plots_and_enrichment/de_visualization",
                "differential_analysis/gene_expression/plots_and_enrichment/de_visualization/volcano_sig_genes.pdf",
                "differential_analysis/gene_expression/plots_and_enrichment/qc_plots",
                "differential_analysis/gene_expression/plots_and_enrichment/qc_plots/mds_plot.pdf",
                "differential_analysis/gene_expression/plots_and_enrichment/qc_plots/pca_plot.pdf",
                "differential_analysis/gene_expression/plots_and_enrichment/qc_plots/violin_plots.pdf",
                "differential_analysis/gene_expression/stats",
                "differential_analysis/gene_expression/stats/de_genes_full_table.rds",
                "differential_analysis/gene_expression/stats/deseq2_de_genes.rds",
                "differential_analysis/gene_expression/stats/filtered_counts.rds",
                "differential_analysis/gene_expression/stats/normalized_counts.rds",
                "differential_analysis/gene_expression/stats/top_100_genes.csv",
                "differential_analysis/gene_expression/stats/top_100_genes.rds",
                "differential_analysis/gene_expression/stats/unfiltered_counts.rds",
                "differential_analysis/gene_expression/stats/unfiltered_deg_results.rds",
                "differential_analysis/gene_expression/stats/vst_transformed.rds",
                "pipeline_info",
                "pipeline_info/rnaseq_software_mqc_versions.yml",
                "preprocessing",
                "preprocessing/trimmed",
                "preprocessing/trimmed/ERR188044",
                "preprocessing/trimmed/ERR188044/ERR188044.cutadapt.json",
                "preprocessing/trimmed/ERR188044/ERR188044.cutadapt_1.fastq.gz",
                "preprocessing/trimmed/ERR188044/ERR188044.cutadapt_2.fastq.gz",
                "preprocessing/trimmed/ERR188104",
                "preprocessing/trimmed/ERR188104/ERR188104.cutadapt.json",
                "preprocessing/trimmed/ERR188104/ERR188104.cutadapt_1.fastq.gz",
                "preprocessing/trimmed/ERR188104/ERR188104.cutadapt_2.fastq.gz",
                "preprocessing/trimmed/ERR188234",
                "preprocessing/trimmed/ERR188234/ERR188234.cutadapt.json",
                "preprocessing/trimmed/ERR188234/ERR188234.cutadapt_1.fastq.gz",
                "preprocessing/trimmed/ERR188234/ERR188234.cutadapt_2.fastq.gz",
                "preprocessing/trimmed/ERR188245",
                "preprocessing/trimmed/ERR188245/ERR188245.cutadapt.json",
                "preprocessing/trimmed/ERR188245/ERR188245.cutadapt_1.fastq.gz",
                "preprocessing/trimmed/ERR188245/ERR188245.cutadapt_2.fastq.gz",
                "preprocessing/trimmed/ERR188257",
                "preprocessing/trimmed/ERR188257/ERR188257.cutadapt.json",
                "preprocessing/trimmed/ERR188257/ERR188257.cutadapt_1.fastq.gz",
                "preprocessing/trimmed/ERR188257/ERR188257.cutadapt_2.fastq.gz",
                "preprocessing/trimmed/ERR188273",
                "preprocessing/trimmed/ERR188273/ERR188273.cutadapt.json",
                "preprocessing/trimmed/ERR188273/ERR188273.cutadapt_1.fastq.gz",
                "preprocessing/trimmed/ERR188273/ERR188273.cutadapt_2.fastq.gz",
                "quality_control",
                "quality_control/fastqc",
                "quality_control/fastqc/raw",
                "quality_control/fastqc/raw/ERR188044",
                "quality_control/fastqc/raw/ERR188044/ERR188044_raw_1_fastqc.html",
                "quality_control/fastqc/raw/ERR188044/ERR188044_raw_1_fastqc.zip",
                "quality_control/fastqc/raw/ERR188044/ERR188044_raw_2_fastqc.html",
                "quality_control/fastqc/raw/ERR188044/ERR188044_raw_2_fastqc.zip",
                "quality_control/fastqc/raw/ERR188104",
                "quality_control/fastqc/raw/ERR188104/ERR188104_raw_1_fastqc.html",
                "quality_control/fastqc/raw/ERR188104/ERR188104_raw_1_fastqc.zip",
                "quality_control/fastqc/raw/ERR188104/ERR188104_raw_2_fastqc.html",
                "quality_control/fastqc/raw/ERR188104/ERR188104_raw_2_fastqc.zip",
                "quality_control/fastqc/raw/ERR188234",
                "quality_control/fastqc/raw/ERR188234/ERR188234_raw_1_fastqc.html",
                "quality_control/fastqc/raw/ERR188234/ERR188234_raw_1_fastqc.zip",
                "quality_control/fastqc/raw/ERR188234/ERR188234_raw_2_fastqc.html",
                "quality_control/fastqc/raw/ERR188234/ERR188234_raw_2_fastqc.zip",
                "quality_control/fastqc/raw/ERR188245",
                "quality_control/fastqc/raw/ERR188245/ERR188245_raw_1_fastqc.html",
                "quality_control/fastqc/raw/ERR188245/ERR188245_raw_1_fastqc.zip",
                "quality_control/fastqc/raw/ERR188245/ERR188245_raw_2_fastqc.html",
                "quality_control/fastqc/raw/ERR188245/ERR188245_raw_2_fastqc.zip",
                "quality_control/fastqc/raw/ERR188257",
                "quality_control/fastqc/raw/ERR188257/ERR188257_raw_1_fastqc.html",
                "quality_control/fastqc/raw/ERR188257/ERR188257_raw_1_fastqc.zip",
                "quality_control/fastqc/raw/ERR188257/ERR188257_raw_2_fastqc.html",
                "quality_control/fastqc/raw/ERR188257/ERR188257_raw_2_fastqc.zip",
                "quality_control/fastqc/raw/ERR188273",
                "quality_control/fastqc/raw/ERR188273/ERR188273_raw_1_fastqc.html",
                "quality_control/fastqc/raw/ERR188273/ERR188273_raw_1_fastqc.zip",
                "quality_control/fastqc/raw/ERR188273/ERR188273_raw_2_fastqc.html",
                "quality_control/fastqc/raw/ERR188273/ERR188273_raw_2_fastqc.zip",
                "quality_control/fastqc/trimmed",
                "quality_control/fastqc/trimmed/ERR188044",
                "quality_control/fastqc/trimmed/ERR188044/ERR188044_trimmed_1_fastqc.html",
                "quality_control/fastqc/trimmed/ERR188044/ERR188044_trimmed_1_fastqc.zip",
                "quality_control/fastqc/trimmed/ERR188044/ERR188044_trimmed_2_fastqc.html",
                "quality_control/fastqc/trimmed/ERR188044/ERR188044_trimmed_2_fastqc.zip",
                "quality_control/fastqc/trimmed/ERR188104",
                "quality_control/fastqc/trimmed/ERR188104/ERR188104_trimmed_1_fastqc.html",
                "quality_control/fastqc/trimmed/ERR188104/ERR188104_trimmed_1_fastqc.zip",
                "quality_control/fastqc/trimmed/ERR188104/ERR188104_trimmed_2_fastqc.html",
                "quality_control/fastqc/trimmed/ERR188104/ERR188104_trimmed_2_fastqc.zip",
                "quality_control/fastqc/trimmed/ERR188234",
                "quality_control/fastqc/trimmed/ERR188234/ERR188234_trimmed_1_fastqc.html",
                "quality_control/fastqc/trimmed/ERR188234/ERR188234_trimmed_1_fastqc.zip",
                "quality_control/fastqc/trimmed/ERR188234/ERR188234_trimmed_2_fastqc.html",
                "quality_control/fastqc/trimmed/ERR188234/ERR188234_trimmed_2_fastqc.zip",
                "quality_control/fastqc/trimmed/ERR188245",
                "quality_control/fastqc/trimmed/ERR188245/ERR188245_trimmed_1_fastqc.html",
                "quality_control/fastqc/trimmed/ERR188245/ERR188245_trimmed_1_fastqc.zip",
                "quality_control/fastqc/trimmed/ERR188245/ERR188245_trimmed_2_fastqc.html",
                "quality_control/fastqc/trimmed/ERR188245/ERR188245_trimmed_2_fastqc.zip",
                "quality_control/fastqc/trimmed/ERR188257",
                "quality_control/fastqc/trimmed/ERR188257/ERR188257_trimmed_1_fastqc.html",
                "quality_control/fastqc/trimmed/ERR188257/ERR188257_trimmed_1_fastqc.zip",
                "quality_control/fastqc/trimmed/ERR188257/ERR188257_trimmed_2_fastqc.html",
                "quality_control/fastqc/trimmed/ERR188257/ERR188257_trimmed_2_fastqc.zip",
                "quality_control/fastqc/trimmed/ERR188273",
                "quality_control/fastqc/trimmed/ERR188273/ERR188273_trimmed_1_fastqc.html",
                "quality_control/fastqc/trimmed/ERR188273/ERR188273_trimmed_1_fastqc.zip",
                "quality_control/fastqc/trimmed/ERR188273/ERR188273_trimmed_2_fastqc.html",
                "quality_control/fastqc/trimmed/ERR188273/ERR188273_trimmed_2_fastqc.zip",
                "quality_control/multiqc",
                "quality_control/multiqc/multiqc_data",
                "quality_control/multiqc/multiqc_plots",
                "quality_control/multiqc/multiqc_report.html",
                "quantification",
                "quantification/kallisto",
                "quantification/kallisto/ERR188044",
                "quantification/kallisto/ERR188044/abundance.h5",
                "quantification/kallisto/ERR188044/abundance.tsv",
                "quantification/kallisto/ERR188044/kallisto_ERR188044_quant.log",
                "quantification/kallisto/ERR188044/run_info.json",
                "quantification/kallisto/ERR188104",
                "quantification/kallisto/ERR188104/abundance.h5",
                "quantification/kallisto/ERR188104/abundance.tsv",
                "quantification/kallisto/ERR188104/kallisto_ERR188104_quant.log",
                "quantification/kallisto/ERR188104/run_info.json",
                "quantification/kallisto/ERR188234",
                "quantification/kallisto/ERR188234/abundance.h5",
                "quantification/kallisto/ERR188234/abundance.tsv",
                "quantification/kallisto/ERR188234/kallisto_ERR188234_quant.log",
                "quantification/kallisto/ERR188234/run_info.json",
                "quantification/kallisto/ERR188245",
                "quantification/kallisto/ERR188245/abundance.h5",
                "quantification/kallisto/ERR188245/abundance.tsv",
                "quantification/kallisto/ERR188245/kallisto_ERR188245_quant.log",
                "quantification/kallisto/ERR188245/run_info.json",
                "quantification/kallisto/ERR188257",
                "quantification/kallisto/ERR188257/abundance.h5",
                "quantification/kallisto/ERR188257/abundance.tsv",
                "quantification/kallisto/ERR188257/kallisto_ERR188257_quant.log",
                "quantification/kallisto/ERR188257/run_info.json",
                "quantification/kallisto/ERR188273",
                "quantification/kallisto/ERR188273/abundance.h5",
                "quantification/kallisto/ERR188273/abundance.tsv",
                "quantification/kallisto/ERR188273/kallisto_ERR188273_quant.log",
                "quantification/kallisto/ERR188273/run_info.json",
                "quantification/merged_matrices",
                "quantification/merged_matrices/tx2gene.tsv",
                "quantification/merged_matrices/tximport_results.rds"
            ],
            [
                
            ]
        ],
        "meta": {
            "nf-test": "0.9.3",
            "nextflow": "25.10.2"
        },
        "timestamp": "2026-02-25T08:08:13.821702141"
    },
    "-profile test": {
        "content": [
            {
                "CUTADAPT": {
                    "cutadapt": "5.2"
                },
                "DESEQ2_DE": {
                    "bioconductor-deseq2": "1.46.0",
                    "r-base": "4.4.0"
                },
                "DE_VISUALIZATION": {
                    "bioconductor-enhancedvolcano": "1.24.0",
                    "r-base": "4.4.0",
                    "r-pheatmap": "1.0.13",
                    "r-rcolorbrewer": "1.1.3"
                },
                "FASTQC_RAW": {
                    "fastqc": "0.12.1"
                },
                "FASTQC_TRIM": {
                    "fastqc": "0.12.1"
                },
                "GO_ENRICHMENT": {
                    "bioconductor-biomart": "2.62.0",
                    "bioconductor-clusterprofiler": "4.14.0",
                    "bioconductor-org.at.tair.db": "3.20.0",
                    "bioconductor-org.bt.eg.db": "3.20.0",
                    "bioconductor-org.ce.eg.db": "3.20.0",
                    "bioconductor-org.cf.eg.db": "3.20.0",
                    "bioconductor-org.dm.eg.db": "3.20.0",
                    "bioconductor-org.dr.eg.db": "3.20.0",
                    "bioconductor-org.gg.eg.db": "3.20.0",
                    "bioconductor-org.hs.eg.db": "3.20.0",
                    "bioconductor-org.mm.eg.db": "3.20.0",
                    "bioconductor-org.mmu.eg.db": "3.20.0",
                    "bioconductor-org.rn.eg.db": "3.20.0",
                    "bioconductor-org.sc.sgd.db": "3.20.0",
                    "bioconductor-org.ss.eg.db": "3.20.0",
                    "r-base": "4.4.0",
                    "r-dplyr": "1.1.4",
                    "r-ggplot2": "4.0.1",
                    "r-purrr": "1.2.1",
                    "r-tibble": "3.3.1"
                },
                "KALLISTO_INDEX": {
                    "kallisto": "0.51.1"
                },
                "KALLISTO_QUANT": {
                    "kallisto": "0.51.1"
                },
                "QC_VISUALIZATION": {
                    "bioconductor-deseq2": "1.46.0",
                    "bioconductor-edger": "4.4.0",
                    "r-base": "4.4.0",
                    "r-cowplot": "1.2.0",
                    "r-dplyr": "1.1.4",
                    "r-ggplot2": "4.0.1",
                    "r-mass": "7.3.65",
                    "r-tibble": "3.3.1",
                    "r-tidyr": "1.3.2"
                },
                "SALMON_INDEX": {
                    "salmon": "1.10.3"
                },
                "TX2GENE": {
                    "bioconductor-biomart": "2.62.0",
                    "r-base": "4.4.0"
                },
                "TXIMPORT": {
                    "bioconductor-rhdf5": "2.50.0",
                    "bioconductor-tximport": "1.34.0",
                    "r-base": "4.4.0"
                },
                "Workflow": {
                    "LoaiEletr/rnaseq": "v1.0.0dev"
                }
            },
            [
                "differential_analysis",
                "differential_analysis/gene_expression",
                "differential_analysis/gene_expression/plots_and_enrichment",
                "differential_analysis/gene_expression/plots_and_enrichment/GO_results",
                "differential_analysis/gene_expression/plots_and_enrichment/GO_results/DEGs",
                "differential_analysis/gene_expression/plots_and_enrichment/GO_results/DEGs/Down",
                "differential_analysis/gene_expression/plots_and_enrichment/GO_results/DEGs/Down/csv",
                "differential_analysis/gene_expression/plots_and_enrichment/GO_results/DEGs/Down/plots",
                "differential_analysis/gene_expression/plots_and_enrichment/GO_results/DEGs/Down/plots/DEGs_Down_GO.png",
                "differential_analysis/gene_expression/plots_and_enrichment/GO_results/DEGs/Up",
                "differential_analysis/gene_expression/plots_and_enrichment/GO_results/DEGs/Up/csv",
                "differential_analysis/gene_expression/plots_and_enrichment/GO_results/DEGs/Up/plots",
                "differential_analysis/gene_expression/plots_and_enrichment/GO_results/DEGs/Up/plots/DEGs_Up_GO.png",
                "differential_analysis/gene_expression/plots_and_enrichment/GO_results/GO_WGCNA.png",
                "differential_analysis/gene_expression/plots_and_enrichment/GO_results/GO_masigpro.png",
                "differential_analysis/gene_expression/plots_and_enrichment/de_visualization",
                "differential_analysis/gene_expression/plots_and_enrichment/de_visualization/heatmap",
                "differential_analysis/gene_expression/plots_and_enrichment/de_visualization/heatmap/heatmap_failed.pdf",
                "differential_analysis/gene_expression/plots_and_enrichment/de_visualization/volcano_sig_genes.pdf",
                "differential_analysis/gene_expression/plots_and_enrichment/qc_plots",
                "differential_analysis/gene_expression/plots_and_enrichment/qc_plots/mds_plot.pdf",
                "differential_analysis/gene_expression/plots_and_enrichment/qc_plots/pca_plot.pdf",
                "differential_analysis/gene_expression/plots_and_enrichment/qc_plots/violin_plots.pdf",
                "differential_analysis/gene_expression/stats",
                "differential_analysis/gene_expression/stats/de_genes_full_table.rds",
                "differential_analysis/gene_expression/stats/deseq2_de_genes.rds",
                "differential_analysis/gene_expression/stats/filtered_counts.rds",
                "differential_analysis/gene_expression/stats/normalized_counts.rds",
                "differential_analysis/gene_expression/stats/top_100_genes.csv",
                "differential_analysis/gene_expression/stats/top_100_genes.rds",
                "differential_analysis/gene_expression/stats/unfiltered_counts.rds",
                "differential_analysis/gene_expression/stats/unfiltered_deg_results.rds",
                "differential_analysis/gene_expression/stats/vst_transformed.rds",
                "pipeline_info",
                "pipeline_info/rnaseq_software_mqc_versions.yml",
                "preprocessing",
                "preprocessing/trimmed",
                "preprocessing/trimmed/ERR188044",
                "preprocessing/trimmed/ERR188044/ERR188044.cutadapt.json",
                "preprocessing/trimmed/ERR188044/ERR188044.cutadapt_1.fastq.gz",
                "preprocessing/trimmed/ERR188044/ERR188044.cutadapt_2.fastq.gz",
                "preprocessing/trimmed/ERR188104",
                "preprocessing/trimmed/ERR188104/ERR188104.cutadapt.json",
                "preprocessing/trimmed/ERR188104/ERR188104.cutadapt_1.fastq.gz",
                "preprocessing/trimmed/ERR188104/ERR188104.cutadapt_2.fastq.gz",
                "preprocessing/trimmed/ERR188234",
                "preprocessing/trimmed/ERR188234/ERR188234.cutadapt.json",
                "preprocessing/trimmed/ERR188234/ERR188234.cutadapt_1.fastq.gz",
                "preprocessing/trimmed/ERR188234/ERR188234.cutadapt_2.fastq.gz",
                "preprocessing/trimmed/ERR188245",
                "preprocessing/trimmed/ERR188245/ERR188245.cutadapt.json",
                "preprocessing/trimmed/ERR188245/ERR188245.cutadapt_1.fastq.gz",
                "preprocessing/trimmed/ERR188245/ERR188245.cutadapt_2.fastq.gz",
                "preprocessing/trimmed/ERR188257",
                "preprocessing/trimmed/ERR188257/ERR188257.cutadapt.json",
                "preprocessing/trimmed/ERR188257/ERR188257.cutadapt_1.fastq.gz",
                "preprocessing/trimmed/ERR188257/ERR188257.cutadapt_2.fastq.gz",
                "preprocessing/trimmed/ERR188273",
                "preprocessing/trimmed/ERR188273/ERR188273.cutadapt.json",
                "preprocessing/trimmed/ERR188273/ERR188273.cutadapt_1.fastq.gz",
                "preprocessing/trimmed/ERR188273/ERR188273.cutadapt_2.fastq.gz",
                "quality_control",
                "quality_control/fastqc",
                "quality_control/fastqc/raw",
                "quality_control/fastqc/raw/ERR188044",
                "quality_control/fastqc/raw/ERR188044/ERR188044_chrX_1_fastqc.html",
                "quality_control/fastqc/raw/ERR188044/ERR188044_chrX_1_fastqc.zip",
                "quality_control/fastqc/raw/ERR188044/ERR188044_chrX_2_fastqc.html",
                "quality_control/fastqc/raw/ERR188044/ERR188044_chrX_2_fastqc.zip",
                "quality_control/fastqc/raw/ERR188104",
                "quality_control/fastqc/raw/ERR188104/ERR188104_chrX_1_fastqc.html",
                "quality_control/fastqc/raw/ERR188104/ERR188104_chrX_1_fastqc.zip",
                "quality_control/fastqc/raw/ERR188104/ERR188104_chrX_2_fastqc.html",
                "quality_control/fastqc/raw/ERR188104/ERR188104_chrX_2_fastqc.zip",
                "quality_control/fastqc/raw/ERR188234",
                "quality_control/fastqc/raw/ERR188234/ERR188234_chrX_1_fastqc.html",
                "quality_control/fastqc/raw/ERR188234/ERR188234_chrX_1_fastqc.zip",
                "quality_control/fastqc/raw/ERR188234/ERR188234_chrX_2_fastqc.html",
                "quality_control/fastqc/raw/ERR188234/ERR188234_chrX_2_fastqc.zip",
                "quality_control/fastqc/raw/ERR188245",
                "quality_control/fastqc/raw/ERR188245/ERR188245_chrX_1_fastqc.html",
                "quality_control/fastqc/raw/ERR188245/ERR188245_chrX_1_fastqc.zip",
                "quality_control/fastqc/raw/ERR188245/ERR188245_chrX_2_fastqc.html",
                "quality_control/fastqc/raw/ERR188245/ERR188245_chrX_2_fastqc.zip",
                "quality_control/fastqc/raw/ERR188257",
                "quality_control/fastqc/raw/ERR188257/ERR188257_chrX_1_fastqc.html",
                "quality_control/fastqc/raw/ERR188257/ERR188257_chrX_1_fastqc.zip",
                "quality_control/fastqc/raw/ERR188257/ERR188257_chrX_2_fastqc.html",
                "quality_control/fastqc/raw/ERR188257/ERR188257_chrX_2_fastqc.zip",
                "quality_control/fastqc/raw/ERR188273",
                "quality_control/fastqc/raw/ERR188273/ERR188273_chrX_1_fastqc.html",
                "quality_control/fastqc/raw/ERR188273/ERR188273_chrX_1_fastqc.zip",
                "quality_control/fastqc/raw/ERR188273/ERR188273_chrX_2_fastqc.html",
                "quality_control/fastqc/raw/ERR188273/ERR188273_chrX_2_fastqc.zip",
                "quality_control/fastqc/trimmed",
                "quality_control/fastqc/trimmed/ERR188044",
                "quality_control/fastqc/trimmed/ERR188044/ERR188044.cutadapt_1_fastqc.html",
                "quality_control/fastqc/trimmed/ERR188044/ERR188044.cutadapt_1_fastqc.zip",
                "quality_control/fastqc/trimmed/ERR188044/ERR188044.cutadapt_2_fastqc.html",
                "quality_control/fastqc/trimmed/ERR188044/ERR188044.cutadapt_2_fastqc.zip",
                "quality_control/fastqc/trimmed/ERR188104",
                "quality_control/fastqc/trimmed/ERR188104/ERR188104.cutadapt_1_fastqc.html",
                "quality_control/fastqc/trimmed/ERR188104/ERR188104.cutadapt_1_fastqc.zip",
                "quality_control/fastqc/trimmed/ERR188104/ERR188104.cutadapt_2_fastqc.html",
                "quality_control/fastqc/trimmed/ERR188104/ERR188104.cutadapt_2_fastqc.zip",
                "quality_control/fastqc/trimmed/ERR188234",
                "quality_control/fastqc/trimmed/ERR188234/ERR188234.cutadapt_1_fastqc.html",
                "quality_control/fastqc/trimmed/ERR188234/ERR188234.cutadapt_1_fastqc.zip",
                "quality_control/fastqc/trimmed/ERR188234/ERR188234.cutadapt_2_fastqc.html",
                "quality_control/fastqc/trimmed/ERR188234/ERR188234.cutadapt_2_fastqc.zip",
                "quality_control/fastqc/trimmed/ERR188245",
                "quality_control/fastqc/trimmed/ERR188245/ERR188245.cutadapt_1_fastqc.html",
                "quality_control/fastqc/trimmed/ERR188245/ERR188245.cutadapt_1_fastqc.zip",
                "quality_control/fastqc/trimmed/ERR188245/ERR188245.cutadapt_2_fastqc.html",
                "quality_control/fastqc/trimmed/ERR188245/ERR188245.cutadapt_2_fastqc.zip",
                "quality_control/fastqc/trimmed/ERR188257",
                "quality_control/fastqc/trimmed/ERR188257/ERR188257.cutadapt_1_fastqc.html",
                "quality_control/fastqc/trimmed/ERR188257/ERR188257.cutadapt_1_fastqc.zip",
                "quality_control/fastqc/trimmed/ERR188257/ERR188257.cutadapt_2_fastqc.html",
                "quality_control/fastqc/trimmed/ERR188257/ERR188257.cutadapt_2_fastqc.zip",
                "quality_control/fastqc/trimmed/ERR188273",
                "quality_control/fastqc/trimmed/ERR188273/ERR188273.cutadapt_1_fastqc.html",
                "quality_control/fastqc/trimmed/ERR188273/ERR188273.cutadapt_1_fastqc.zip",
                "quality_control/fastqc/trimmed/ERR188273/ERR188273.cutadapt_2_fastqc.html",
                "quality_control/fastqc/trimmed/ERR188273/ERR188273.cutadapt_2_fastqc.zip",
                "quality_control/multiqc",
                "quality_control/multiqc/multiqc_data",
                "quality_control/multiqc/multiqc_data/cutadapt_filtered_reads_plot.txt",
                "quality_control/multiqc/multiqc_data/cutadapt_trimmed_sequences_plot_3_Counts.txt",
                "quality_control/multiqc/multiqc_data/cutadapt_trimmed_sequences_plot_3_Obs_Exp.txt",
                "quality_control/multiqc/multiqc_data/fastqc_raw-status-check-heatmap.txt",
                "quality_control/multiqc/multiqc_data/fastqc_raw_adapter_content_plot.txt",
                "quality_control/multiqc/multiqc_data/fastqc_raw_overrepresented_sequences_plot.txt",
                "quality_control/multiqc/multiqc_data/fastqc_raw_per_base_n_content_plot.txt",
                "quality_control/multiqc/multiqc_data/fastqc_raw_per_base_sequence_quality_plot.txt",
                "quality_control/multiqc/multiqc_data/fastqc_raw_per_sequence_gc_content_plot_Counts.txt",
                "quality_control/multiqc/multiqc_data/fastqc_raw_per_sequence_gc_content_plot_Percentages.txt",
                "quality_control/multiqc/multiqc_data/fastqc_raw_per_sequence_quality_scores_plot.txt",
                "quality_control/multiqc/multiqc_data/fastqc_raw_sequence_counts_plot.txt",
                "quality_control/multiqc/multiqc_data/fastqc_raw_sequence_duplication_levels_plot.txt",
                "quality_control/multiqc/multiqc_data/fastqc_raw_top_overrepresented_sequences_table.txt",
                "quality_control/multiqc/multiqc_data/fastqc_sequence_length_distribution_plot.txt",
                "quality_control/multiqc/multiqc_data/fastqc_trimmed-status-check-heatmap.txt",
                "quality_control/multiqc/multiqc_data/fastqc_trimmed_adapter_content_plot.txt",
                "quality_control/multiqc/multiqc_data/fastqc_trimmed_overrepresented_sequences_plot.txt",
                "quality_control/multiqc/multiqc_data/fastqc_trimmed_per_base_n_content_plot.txt",
                "quality_control/multiqc/multiqc_data/fastqc_trimmed_per_base_sequence_quality_plot.txt",
                "quality_control/multiqc/multiqc_data/fastqc_trimmed_per_sequence_gc_content_plot_Counts.txt",
                "quality_control/multiqc/multiqc_data/fastqc_trimmed_per_sequence_gc_content_plot_Percentages.txt",
                "quality_control/multiqc/multiqc_data/fastqc_trimmed_per_sequence_quality_scores_plot.txt",
                "quality_control/multiqc/multiqc_data/fastqc_trimmed_sequence_counts_plot.txt",
                "quality_control/multiqc/multiqc_data/fastqc_trimmed_sequence_duplication_levels_plot.txt",
                "quality_control/multiqc/multiqc_data/fastqc_trimmed_top_overrepresented_sequences_table.txt",
                "quality_control/multiqc/multiqc_data/kallisto_alignment.txt",
                "quality_control/multiqc/multiqc_data/llms-full.txt",
                "quality_control/multiqc/multiqc_data/multiqc.log",
                "quality_control/multiqc/multiqc_data/multiqc.parquet",
                "quality_control/multiqc/multiqc_data/multiqc_citations.txt",
                "quality_control/multiqc/multiqc_data/multiqc_cutadapt.txt",
                "quality_control/multiqc/multiqc_data/multiqc_data.json",
                "quality_control/multiqc/multiqc_data/multiqc_fastqc_fastqc_raw.txt",
                "quality_control/multiqc/multiqc_data/multiqc_fastqc_fastqc_trimmed.txt",
                "quality_control/multiqc/multiqc_data/multiqc_general_stats.txt",
                "quality_control/multiqc/multiqc_data/multiqc_kallisto.txt",
                "quality_control/multiqc/multiqc_data/multiqc_software_versions.txt",
                "quality_control/multiqc/multiqc_data/multiqc_sources.txt",
                "quality_control/multiqc/multiqc_plots",
                "quality_control/multiqc/multiqc_plots/pdf",
                "quality_control/multiqc/multiqc_plots/pdf/cutadapt_filtered_reads_plot-cnt.pdf",
                "quality_control/multiqc/multiqc_plots/pdf/cutadapt_filtered_reads_plot-pct.pdf",
                "quality_control/multiqc/multiqc_plots/pdf/cutadapt_trimmed_sequences_plot_3_Counts.pdf",
                "quality_control/multiqc/multiqc_plots/pdf/cutadapt_trimmed_sequences_plot_3_Obs_Exp.pdf",
                "quality_control/multiqc/multiqc_plots/pdf/fastqc_raw-status-check-heatmap.pdf",
                "quality_control/multiqc/multiqc_plots/pdf/fastqc_raw_adapter_content_plot.pdf",
                "quality_control/multiqc/multiqc_plots/pdf/fastqc_raw_overrepresented_sequences_plot.pdf",
                "quality_control/multiqc/multiqc_plots/pdf/fastqc_raw_per_base_n_content_plot.pdf",
                "quality_control/multiqc/multiqc_plots/pdf/fastqc_raw_per_base_sequence_quality_plot.pdf",
                "quality_control/multiqc/multiqc_plots/pdf/fastqc_raw_per_sequence_gc_content_plot_Counts.pdf",
                "quality_control/multiqc/multiqc_plots/pdf/fastqc_raw_per_sequence_gc_content_plot_Percentages.pdf",
                "quality_control/multiqc/multiqc_plots/pdf/fastqc_raw_per_sequence_quality_scores_plot.pdf",
                "quality_control/multiqc/multiqc_plots/pdf/fastqc_raw_sequence_counts_plot-cnt.pdf",
                "quality_control/multiqc/multiqc_plots/pdf/fastqc_raw_sequence_counts_plot-pct.pdf",
                "quality_control/multiqc/multiqc_plots/pdf/fastqc_raw_sequence_duplication_levels_plot.pdf",
                "quality_control/multiqc/multiqc_plots/pdf/fastqc_raw_top_overrepresented_sequences_table.pdf",
                "quality_control/multiqc/multiqc_plots/pdf/fastqc_sequence_length_distribution_plot.pdf",
                "quality_control/multiqc/multiqc_plots/pdf/fastqc_trimmed-status-check-heatmap.pdf",
                "quality_control/multiqc/multiqc_plots/pdf/fastqc_trimmed_adapter_content_plot.pdf",
                "quality_control/multiqc/multiqc_plots/pdf/fastqc_trimmed_overrepresented_sequences_plot.pdf",
                "quality_control/multiqc/multiqc_plots/pdf/fastqc_trimmed_per_base_n_content_plot.pdf",
                "quality_control/multiqc/multiqc_plots/pdf/fastqc_trimmed_per_base_sequence_quality_plot.pdf",
                "quality_control/multiqc/multiqc_plots/pdf/fastqc_trimmed_per_sequence_gc_content_plot_Counts.pdf",
                "quality_control/multiqc/multiqc_plots/pdf/fastqc_trimmed_per_sequence_gc_content_plot_Percentages.pdf",
                "quality_control/multiqc/multiqc_plots/pdf/fastqc_trimmed_per_sequence_quality_scores_plot.pdf",
                "quality_control/multiqc/multiqc_plots/pdf/fastqc_trimmed_sequence_counts_plot-cnt.pdf",
                "quality_control/multiqc/multiqc_plots/pdf/fastqc_trimmed_sequence_counts_plot-pct.pdf",
                "quality_control/multiqc/multiqc_plots/pdf/fastqc_trimmed_sequence_duplication_levels_plot.pdf",
                "quality_control/multiqc/multiqc_plots/pdf/fastqc_trimmed_top_overrepresented_sequences_table.pdf",
                "quality_control/multiqc/multiqc_plots/pdf/kallisto_alignment-cnt.pdf",
                "quality_control/multiqc/multiqc_plots/pdf/kallisto_alignment-pct.pdf",
                "quality_control/multiqc/multiqc_plots/png",
                "quality_control/multiqc/multiqc_plots/png/cutadapt_filtered_reads_plot-cnt.png",
                "quality_control/multiqc/multiqc_plots/png/cutadapt_filtered_reads_plot-pct.png",
                "quality_control/multiqc/multiqc_plots/png/cutadapt_trimmed_sequences_plot_3_Counts.png",
                "quality_control/multiqc/multiqc_plots/png/cutadapt_trimmed_sequences_plot_3_Obs_Exp.png",
                "quality_control/multiqc/multiqc_plots/png/fastqc_raw-status-check-heatmap.png",
                "quality_control/multiqc/multiqc_plots/png/fastqc_raw_adapter_content_plot.png",
                "quality_control/multiqc/multiqc_plots/png/fastqc_raw_overrepresented_sequences_plot.png",
                "quality_control/multiqc/multiqc_plots/png/fastqc_raw_per_base_n_content_plot.png",
                "quality_control/multiqc/multiqc_plots/png/fastqc_raw_per_base_sequence_quality_plot.png",
                "quality_control/multiqc/multiqc_plots/png/fastqc_raw_per_sequence_gc_content_plot_Counts.png",
                "quality_control/multiqc/multiqc_plots/png/fastqc_raw_per_sequence_gc_content_plot_Percentages.png",
                "quality_control/multiqc/multiqc_plots/png/fastqc_raw_per_sequence_quality_scores_plot.png",
                "quality_control/multiqc/multiqc_plots/png/fastqc_raw_sequence_counts_plot-cnt.png",
                "quality_control/multiqc/multiqc_plots/png/fastqc_raw_sequence_counts_plot-pct.png",
                "quality_control/multiqc/multiqc_plots/png/fastqc_raw_sequence_duplication_levels_plot.png",
                "quality_control/multiqc/multiqc_plots/png/fastqc_raw_top_overrepresented_sequences_table.png",
                "quality_control/multiqc/multiqc_plots/png/fastqc_sequence_length_distribution_plot.png",
                "quality_control/multiqc/multiqc_plots/png/fastqc_trimmed-status-check-heatmap.png",
                "quality_control/multiqc/multiqc_plots/png/fastqc_trimmed_adapter_content_plot.png",
                "quality_control/multiqc/multiqc_plots/png/fastqc_trimmed_overrepresented_sequences_plot.png",
                "quality_control/multiqc/multiqc_plots/png/fastqc_trimmed_per_base_n_content_plot.png",
                "quality_control/multiqc/multiqc_plots/png/fastqc_trimmed_per_base_sequence_quality_plot.png",
                "quality_control/multiqc/multiqc_plots/png/fastqc_trimmed_per_sequence_gc_content_plot_Counts.png",
                "quality_control/multiqc/multiqc_plots/png/fastqc_trimmed_per_sequence_gc_content_plot_Percentages.png",
                "quality_control/multiqc/multiqc_plots/png/fastqc_trimmed_per_sequence_quality_scores_plot.png",
                "quality_control/multiqc/multiqc_plots/png/fastqc_trimmed_sequence_counts_plot-cnt.png",
                "quality_control/multiqc/multiqc_plots/png/fastqc_trimmed_sequence_counts_plot-pct.png",
                "quality_control/multiqc/multiqc_plots/png/fastqc_trimmed_sequence_duplication_levels_plot.png",
                "quality_control/multiqc/multiqc_plots/png/fastqc_trimmed_top_overrepresented_sequences_table.png",
                "quality_control/multiqc/multiqc_plots/png/kallisto_alignment-cnt.png",
                "quality_control/multiqc/multiqc_plots/png/kallisto_alignment-pct.png",
                "quality_control/multiqc/multiqc_plots/svg",
                "quality_control/multiqc/multiqc_plots/svg/cutadapt_filtered_reads_plot-cnt.svg",
                "quality_control/multiqc/multiqc_plots/svg/cutadapt_filtered_reads_plot-pct.svg",
                "quality_control/multiqc/multiqc_plots/svg/cutadapt_trimmed_sequences_plot_3_Counts.svg",
                "quality_control/multiqc/multiqc_plots/svg/cutadapt_trimmed_sequences_plot_3_Obs_Exp.svg",
                "quality_control/multiqc/multiqc_plots/svg/fastqc_raw-status-check-heatmap.svg",
                "quality_control/multiqc/multiqc_plots/svg/fastqc_raw_adapter_content_plot.svg",
                "quality_control/multiqc/multiqc_plots/svg/fastqc_raw_overrepresented_sequences_plot.svg",
                "quality_control/multiqc/multiqc_plots/svg/fastqc_raw_per_base_n_content_plot.svg",
                "quality_control/multiqc/multiqc_plots/svg/fastqc_raw_per_base_sequence_quality_plot.svg",
                "quality_control/multiqc/multiqc_plots/svg/fastqc_raw_per_sequence_gc_content_plot_Counts.svg",
                "quality_control/multiqc/multiqc_plots/svg/fastqc_raw_per_sequence_gc_content_plot_Percentages.svg",
                "quality_control/multiqc/multiqc_plots/svg/fastqc_raw_per_sequence_quality_scores_plot.svg",
                "quality_control/multiqc/multiqc_plots/svg/fastqc_raw_sequence_counts_plot-cnt.svg",
                "quality_control/multiqc/multiqc_plots/svg/fastqc_raw_sequence_counts_plot-pct.svg",
                "quality_control/multiqc/multiqc_plots/svg/fastqc_raw_sequence_duplication_levels_plot.svg",
                "quality_control/multiqc/multiqc_plots/svg/fastqc_raw_top_overrepresented_sequences_table.svg",
                "quality_control/multiqc/multiqc_plots/svg/fastqc_sequence_length_distribution_plot.svg",
                "quality_control/multiqc/multiqc_plots/svg/fastqc_trimmed-status-check-heatmap.svg",
                "quality_control/multiqc/multiqc_plots/svg/fastqc_trimmed_adapter_content_plot.svg",
                "quality_control/multiqc/multiqc_plots/svg/fastqc_trimmed_overrepresented_sequences_plot.svg",
                "quality_control/multiqc/multiqc_plots/svg/fastqc_trimmed_per_base_n_content_plot.svg",
                "quality_control/multiqc/multiqc_plots/svg/fastqc_trimmed_per_base_sequence_quality_plot.svg",
                "quality_control/multiqc/multiqc_plots/svg/fastqc_trimmed_per_sequence_gc_content_plot_Counts.svg",
                "quality_control/multiqc/multiqc_plots/svg/fastqc_trimmed_per_sequence_gc_content_plot_Percentages.svg",
                "quality_control/multiqc/multiqc_plots/svg/fastqc_trimmed_per_sequence_quality_scores_plot.svg",
                "quality_control/multiqc/multiqc_plots/svg/fastqc_trimmed_sequence_counts_plot-cnt.svg",
                "quality_control/multiqc/multiqc_plots/svg/fastqc_trimmed_sequence_counts_plot-pct.svg",
                "quality_control/multiqc/multiqc_plots/svg/fastqc_trimmed_sequence_duplication_levels_plot.svg",
                "quality_control/multiqc/multiqc_plots/svg/fastqc_trimmed_top_overrepresented_sequences_table.svg",
                "quality_control/multiqc/multiqc_plots/svg/kallisto_alignment-cnt.svg",
                "quality_control/multiqc/multiqc_plots/svg/kallisto_alignment-pct.svg",
                "quality_control/multiqc/multiqc_report.html",
                "quantification",
                "quantification/kallisto",
                "quantification/kallisto/ERR188044",
                "quantification/kallisto/ERR188044/abundance.h5",
                "quantification/kallisto/ERR188044/abundance.tsv",
                "quantification/kallisto/ERR188044/kallisto_ERR188044_quant.log",
                "quantification/kallisto/ERR188044/run_info.json",
                "quantification/kallisto/ERR188104",
                "quantification/kallisto/ERR188104/abundance.h5",
                "quantification/kallisto/ERR188104/abundance.tsv",
                "quantification/kallisto/ERR188104/kallisto_ERR188104_quant.log",
                "quantification/kallisto/ERR188104/run_info.json",
                "quantification/kallisto/ERR188234",
                "quantification/kallisto/ERR188234/abundance.h5",
                "quantification/kallisto/ERR188234/abundance.tsv",
                "quantification/kallisto/ERR188234/kallisto_ERR188234_quant.log",
                "quantification/kallisto/ERR188234/run_info.json",
                "quantification/kallisto/ERR188245",
                "quantification/kallisto/ERR188245/abundance.h5",
                "quantification/kallisto/ERR188245/abundance.tsv",
                "quantification/kallisto/ERR188245/kallisto_ERR188245_quant.log",
                "quantification/kallisto/ERR188245/run_info.json",
                "quantification/kallisto/ERR188257",
                "quantification/kallisto/ERR188257/abundance.h5",
                "quantification/kallisto/ERR188257/abundance.tsv",
                "quantification/kallisto/ERR188257/kallisto_ERR188257_quant.log",
                "quantification/kallisto/ERR188257/run_info.json",
                "quantification/kallisto/ERR188273",
                "quantification/kallisto/ERR188273/abundance.h5",
                "quantification/kallisto/ERR188273/abundance.tsv",
                "quantification/kallisto/ERR188273/kallisto_ERR188273_quant.log",
                "quantification/kallisto/ERR188273/run_info.json",
                "quantification/merged_matrices",
                "quantification/merged_matrices/tx2gene.tsv",
                "quantification/merged_matrices/tximport_results.rds"
            ],
            [
                
            ]
        ],
        "meta": {
            "nf-test": "0.9.3",
            "nextflow": "25.10.2"
        },
        "timestamp": "2026-02-25T09:37:40.069096308"
    }
}