{
    "sarscov2 - bam - bed - stub": {
        "content": [
            {
                "0": [
                    [
                        {
                            "id": "test",
                            "single_end": false
                        },
                        "test.read_distribution.txt:md5,d41d8cd98f00b204e9800998ecf8427e"
                    ]
                ],
                "1": [
                    [
                        "RSEQC_READDISTRIBUTION",
                        "rseqc",
                        "5.0.4"
                    ]
                ],
                "txt": [
                    [
                        {
                            "id": "test",
                            "single_end": false
                        },
                        "test.read_distribution.txt:md5,d41d8cd98f00b204e9800998ecf8427e"
                    ]
                ],
                "versions_rseqc": [
                    [
                        "RSEQC_READDISTRIBUTION",
                        "rseqc",
                        "5.0.4"
                    ]
                ]
            }
        ],
        "meta": {
            "nf-test": "0.9.3",
            "nextflow": "25.10.2"
        },
        "timestamp": "2026-02-20T23:56:27.962898845"
    },
    "sarscov2 - bam - bed": {
        "content": [
            {
                "0": [
                    [
                        {
                            "id": "test",
                            "single_end": false
                        },
                        "test.read_distribution.txt:md5,56893fdc0809d968629a363551a1655f"
                    ]
                ],
                "1": [
                    [
                        "RSEQC_READDISTRIBUTION",
                        "rseqc",
                        "5.0.4"
                    ]
                ],
                "txt": [
                    [
                        {
                            "id": "test",
                            "single_end": false
                        },
                        "test.read_distribution.txt:md5,56893fdc0809d968629a363551a1655f"
                    ]
                ],
                "versions_rseqc": [
                    [
                        "RSEQC_READDISTRIBUTION",
                        "rseqc",
                        "5.0.4"
                    ]
                ]
            }
        ],
        "meta": {
            "nf-test": "0.9.3",
            "nextflow": "25.10.2"
        },
        "timestamp": "2026-02-20T23:55:36.565179323"
    }
}