{
    "sarscov2 - fasta - gtf - contaminant | skip_sortmerna": {
        "content": [
            {
                "0": [
                    "/nf-core/test-datasets/modules/data/genomics/sarscov2/genome/genome.fasta.gz"
                ],
                "1": [
                    "genome.fasta:md5,6e9fe4042a72f2345f644f239272b7e6"
                ],
                "2": [
                    "/nf-core/test-datasets/modules/data/genomics/sarscov2/genome/transcriptome.fasta"
                ],
                "3": [
                    "/nf-core/test-datasets/modules/data/genomics/mus_musculus/genome/chr19.filtered.gtf.gz"
                ],
                "4": [
                    "chr19.filtered.gtf:md5,29ea9f8629c84868b4b0ce5cd4f57632"
                ],
                "5": [
                    "/nf-core/test-datasets/modules/data/genomics/mus_musculus/genome/chr19.filtered.gtf.gz"
                ],
                "6": [
                    "/nf-core/test-datasets/modules/data/genomics/homo_sapiens/genome/genome.fasta.gz"
                ],
                "7": [
                    
                ],
                "8": [
                    "versions.yml:md5,82e9b660bff14eba450c7baa32097e49",
                    "versions.yml:md5,85db3db3e96b7bc88ad5f6865a433106"
                ],
                "contaminant_fasta": [
                    "/nf-core/test-datasets/modules/data/genomics/homo_sapiens/genome/genome.fasta.gz"
                ],
                "fasta_compressed": [
                    "/nf-core/test-datasets/modules/data/genomics/sarscov2/genome/genome.fasta.gz"
                ],
                "fasta_uncompressed": [
                    "genome.fasta:md5,6e9fe4042a72f2345f644f239272b7e6"
                ],
                "gtf_compressed": [
                    "/nf-core/test-datasets/modules/data/genomics/mus_musculus/genome/chr19.filtered.gtf.gz"
                ],
                "gtf_isoform": [
                    "/nf-core/test-datasets/modules/data/genomics/mus_musculus/genome/chr19.filtered.gtf.gz"
                ],
                "gtf_uncompressed": [
                    "chr19.filtered.gtf:md5,29ea9f8629c84868b4b0ce5cd4f57632"
                ],
                "rrna_db_fasta": [
                    
                ],
                "transcriptome": [
                    "/nf-core/test-datasets/modules/data/genomics/sarscov2/genome/transcriptome.fasta"
                ],
                "versions": [
                    "versions.yml:md5,82e9b660bff14eba450c7baa32097e49",
                    "versions.yml:md5,85db3db3e96b7bc88ad5f6865a433106"
                ]
            }
        ],
        "meta": {
            "nf-test": "0.9.3",
            "nextflow": "25.10.2"
        },
        "timestamp": "2026-01-31T19:43:26.112752646"
    },
    "sarscov2 - fasta - gtf - contaminant - stub | skip_sortmerna": {
        "content": [
            {
                "0": [
                    "/nf-core/test-datasets/modules/data/genomics/sarscov2/genome/genome.fasta.gz"
                ],
                "1": [
                    "genome.fasta:md5,d41d8cd98f00b204e9800998ecf8427e"
                ],
                "2": [
                    "/nf-core/test-datasets/modules/data/genomics/sarscov2/genome/transcriptome.fasta"
                ],
                "3": [
                    "/nf-core/test-datasets/modules/data/genomics/mus_musculus/genome/chr19.filtered.gtf.gz"
                ],
                "4": [
                    "chr19.filtered.gtf:md5,d41d8cd98f00b204e9800998ecf8427e"
                ],
                "5": [
                    "/nf-core/test-datasets/modules/data/genomics/mus_musculus/genome/chr19.filtered.gtf.gz"
                ],
                "6": [
                    "/nf-core/test-datasets/modules/data/genomics/homo_sapiens/genome/genome.fasta.gz"
                ],
                "7": [
                    
                ],
                "8": [
                    "versions.yml:md5,82e9b660bff14eba450c7baa32097e49",
                    "versions.yml:md5,85db3db3e96b7bc88ad5f6865a433106"
                ],
                "contaminant_fasta": [
                    "/nf-core/test-datasets/modules/data/genomics/homo_sapiens/genome/genome.fasta.gz"
                ],
                "fasta_compressed": [
                    "/nf-core/test-datasets/modules/data/genomics/sarscov2/genome/genome.fasta.gz"
                ],
                "fasta_uncompressed": [
                    "genome.fasta:md5,d41d8cd98f00b204e9800998ecf8427e"
                ],
                "gtf_compressed": [
                    "/nf-core/test-datasets/modules/data/genomics/mus_musculus/genome/chr19.filtered.gtf.gz"
                ],
                "gtf_isoform": [
                    "/nf-core/test-datasets/modules/data/genomics/mus_musculus/genome/chr19.filtered.gtf.gz"
                ],
                "gtf_uncompressed": [
                    "chr19.filtered.gtf:md5,d41d8cd98f00b204e9800998ecf8427e"
                ],
                "rrna_db_fasta": [
                    
                ],
                "transcriptome": [
                    "/nf-core/test-datasets/modules/data/genomics/sarscov2/genome/transcriptome.fasta"
                ],
                "versions": [
                    "versions.yml:md5,82e9b660bff14eba450c7baa32097e49",
                    "versions.yml:md5,85db3db3e96b7bc88ad5f6865a433106"
                ]
            }
        ],
        "meta": {
            "nf-test": "0.9.3",
            "nextflow": "25.10.2"
        },
        "timestamp": "2026-01-31T19:56:17.870525029"
    },
    "sarscov2 - fasta - gtf - contaminant - stub": {
        "content": [
            {
                "0": [
                    "/nf-core/test-datasets/modules/data/genomics/sarscov2/genome/genome.fasta.gz"
                ],
                "1": [
                    "genome.fasta:md5,d41d8cd98f00b204e9800998ecf8427e"
                ],
                "2": [
                    "/nf-core/test-datasets/modules/data/genomics/sarscov2/genome/transcriptome.fasta"
                ],
                "3": [
                    "/nf-core/test-datasets/modules/data/genomics/mus_musculus/genome/chr19.filtered.gtf.gz"
                ],
                "4": [
                    "chr19.filtered.gtf:md5,d41d8cd98f00b204e9800998ecf8427e"
                ],
                "5": [
                    "/nf-core/test-datasets/modules/data/genomics/mus_musculus/genome/chr19.filtered.gtf.gz"
                ],
                "6": [
                    "/nf-core/test-datasets/modules/data/genomics/homo_sapiens/genome/genome.fasta.gz"
                ],
                "7": [
                    "database:md5,d41d8cd98f00b204e9800998ecf8427e"
                ],
                "8": [
                    "versions.yml:md5,82e9b660bff14eba450c7baa32097e49",
                    "versions.yml:md5,85db3db3e96b7bc88ad5f6865a433106",
                    "versions.yml:md5,f2083baa6f6a723b73b10e75a5366aa8"
                ],
                "contaminant_fasta": [
                    "/nf-core/test-datasets/modules/data/genomics/homo_sapiens/genome/genome.fasta.gz"
                ],
                "fasta_compressed": [
                    "/nf-core/test-datasets/modules/data/genomics/sarscov2/genome/genome.fasta.gz"
                ],
                "fasta_uncompressed": [
                    "genome.fasta:md5,d41d8cd98f00b204e9800998ecf8427e"
                ],
                "gtf_compressed": [
                    "/nf-core/test-datasets/modules/data/genomics/mus_musculus/genome/chr19.filtered.gtf.gz"
                ],
                "gtf_isoform": [
                    "/nf-core/test-datasets/modules/data/genomics/mus_musculus/genome/chr19.filtered.gtf.gz"
                ],
                "gtf_uncompressed": [
                    "chr19.filtered.gtf:md5,d41d8cd98f00b204e9800998ecf8427e"
                ],
                "rrna_db_fasta": [
                    "database:md5,d41d8cd98f00b204e9800998ecf8427e"
                ],
                "transcriptome": [
                    "/nf-core/test-datasets/modules/data/genomics/sarscov2/genome/transcriptome.fasta"
                ],
                "versions": [
                    "versions.yml:md5,82e9b660bff14eba450c7baa32097e49",
                    "versions.yml:md5,85db3db3e96b7bc88ad5f6865a433106",
                    "versions.yml:md5,f2083baa6f6a723b73b10e75a5366aa8"
                ]
            }
        ],
        "meta": {
            "nf-test": "0.9.3",
            "nextflow": "25.10.2"
        },
        "timestamp": "2026-01-31T19:54:48.573416305"
    },
    "sarscov2 - fasta - gtf - contaminant": {
        "content": [
            {
                "0": [
                    "/nf-core/test-datasets/modules/data/genomics/sarscov2/genome/genome.fasta.gz"
                ],
                "1": [
                    "genome.fasta:md5,6e9fe4042a72f2345f644f239272b7e6"
                ],
                "2": [
                    "/nf-core/test-datasets/modules/data/genomics/sarscov2/genome/transcriptome.fasta"
                ],
                "3": [
                    "/nf-core/test-datasets/modules/data/genomics/mus_musculus/genome/chr19.filtered.gtf.gz"
                ],
                "4": [
                    "chr19.filtered.gtf:md5,29ea9f8629c84868b4b0ce5cd4f57632"
                ],
                "5": [
                    "/nf-core/test-datasets/modules/data/genomics/mus_musculus/genome/chr19.filtered.gtf.gz"
                ],
                "6": [
                    "/nf-core/test-datasets/modules/data/genomics/homo_sapiens/genome/genome.fasta.gz"
                ],
                "7": [
                    [
                        "smr_v4.3_default_db.fasta:md5,d3cb15b68d7eee5b4610126db7781f82",
                        "smr_v4.3_fast_db.fasta:md5,ebe4e5c0059591f8ae37dadffcf55b3a",
                        "smr_v4.3_sensitive_db.fasta:md5,45ec08a220f069499cdb3a4b7b1eef1b",
                        "smr_v4.3_sensitive_db_rfam_seeds.fasta:md5,24250fbee1fa25d30dc2b150b81078cb"
                    ]
                ],
                "8": [
                    "versions.yml:md5,82e9b660bff14eba450c7baa32097e49",
                    "versions.yml:md5,85db3db3e96b7bc88ad5f6865a433106",
                    "versions.yml:md5,f2083baa6f6a723b73b10e75a5366aa8"
                ],
                "contaminant_fasta": [
                    "/nf-core/test-datasets/modules/data/genomics/homo_sapiens/genome/genome.fasta.gz"
                ],
                "fasta_compressed": [
                    "/nf-core/test-datasets/modules/data/genomics/sarscov2/genome/genome.fasta.gz"
                ],
                "fasta_uncompressed": [
                    "genome.fasta:md5,6e9fe4042a72f2345f644f239272b7e6"
                ],
                "gtf_compressed": [
                    "/nf-core/test-datasets/modules/data/genomics/mus_musculus/genome/chr19.filtered.gtf.gz"
                ],
                "gtf_isoform": [
                    "/nf-core/test-datasets/modules/data/genomics/mus_musculus/genome/chr19.filtered.gtf.gz"
                ],
                "gtf_uncompressed": [
                    "chr19.filtered.gtf:md5,29ea9f8629c84868b4b0ce5cd4f57632"
                ],
                "rrna_db_fasta": [
                    [
                        "smr_v4.3_default_db.fasta:md5,d3cb15b68d7eee5b4610126db7781f82",
                        "smr_v4.3_fast_db.fasta:md5,ebe4e5c0059591f8ae37dadffcf55b3a",
                        "smr_v4.3_sensitive_db.fasta:md5,45ec08a220f069499cdb3a4b7b1eef1b",
                        "smr_v4.3_sensitive_db_rfam_seeds.fasta:md5,24250fbee1fa25d30dc2b150b81078cb"
                    ]
                ],
                "transcriptome": [
                    "/nf-core/test-datasets/modules/data/genomics/sarscov2/genome/transcriptome.fasta"
                ],
                "versions": [
                    "versions.yml:md5,82e9b660bff14eba450c7baa32097e49",
                    "versions.yml:md5,85db3db3e96b7bc88ad5f6865a433106",
                    "versions.yml:md5,f2083baa6f6a723b73b10e75a5366aa8"
                ]
            }
        ],
        "meta": {
            "nf-test": "0.9.3",
            "nextflow": "25.10.2"
        },
        "timestamp": "2026-01-31T19:41:36.52876903"
    },
    "sarscov2 - fasta - gtf - contaminant - stub | skip_DIU": {
        "content": [
            {
                "0": [
                    "/nf-core/test-datasets/modules/data/genomics/sarscov2/genome/genome.fasta.gz"
                ],
                "1": [
                    "genome.fasta:md5,d41d8cd98f00b204e9800998ecf8427e"
                ],
                "2": [
                    "/nf-core/test-datasets/modules/data/genomics/sarscov2/genome/transcriptome.fasta"
                ],
                "3": [
                    "/nf-core/test-datasets/modules/data/genomics/mus_musculus/genome/chr19.filtered.gtf.gz"
                ],
                "4": [
                    "chr19.filtered.gtf:md5,d41d8cd98f00b204e9800998ecf8427e"
                ],
                "5": [
                    
                ],
                "6": [
                    "/nf-core/test-datasets/modules/data/genomics/homo_sapiens/genome/genome.fasta.gz"
                ],
                "7": [
                    "database:md5,d41d8cd98f00b204e9800998ecf8427e"
                ],
                "8": [
                    "versions.yml:md5,82e9b660bff14eba450c7baa32097e49",
                    "versions.yml:md5,85db3db3e96b7bc88ad5f6865a433106",
                    "versions.yml:md5,f2083baa6f6a723b73b10e75a5366aa8"
                ],
                "contaminant_fasta": [
                    "/nf-core/test-datasets/modules/data/genomics/homo_sapiens/genome/genome.fasta.gz"
                ],
                "fasta_compressed": [
                    "/nf-core/test-datasets/modules/data/genomics/sarscov2/genome/genome.fasta.gz"
                ],
                "fasta_uncompressed": [
                    "genome.fasta:md5,d41d8cd98f00b204e9800998ecf8427e"
                ],
                "gtf_compressed": [
                    "/nf-core/test-datasets/modules/data/genomics/mus_musculus/genome/chr19.filtered.gtf.gz"
                ],
                "gtf_isoform": [
                    
                ],
                "gtf_uncompressed": [
                    "chr19.filtered.gtf:md5,d41d8cd98f00b204e9800998ecf8427e"
                ],
                "rrna_db_fasta": [
                    "database:md5,d41d8cd98f00b204e9800998ecf8427e"
                ],
                "transcriptome": [
                    "/nf-core/test-datasets/modules/data/genomics/sarscov2/genome/transcriptome.fasta"
                ],
                "versions": [
                    "versions.yml:md5,82e9b660bff14eba450c7baa32097e49",
                    "versions.yml:md5,85db3db3e96b7bc88ad5f6865a433106",
                    "versions.yml:md5,f2083baa6f6a723b73b10e75a5366aa8"
                ]
            }
        ],
        "meta": {
            "nf-test": "0.9.3",
            "nextflow": "25.10.2"
        },
        "timestamp": "2026-01-31T20:02:41.853554247"
    },
    "sarscov2 - fasta - gtf - contaminant | skip_DIU": {
        "content": [
            {
                "0": [
                    "/nf-core/test-datasets/modules/data/genomics/sarscov2/genome/genome.fasta.gz"
                ],
                "1": [
                    "genome.fasta:md5,6e9fe4042a72f2345f644f239272b7e6"
                ],
                "2": [
                    "/nf-core/test-datasets/modules/data/genomics/sarscov2/genome/transcriptome.fasta"
                ],
                "3": [
                    "/nf-core/test-datasets/modules/data/genomics/mus_musculus/genome/chr19.filtered.gtf.gz"
                ],
                "4": [
                    "chr19.filtered.gtf:md5,29ea9f8629c84868b4b0ce5cd4f57632"
                ],
                "5": [
                    
                ],
                "6": [
                    "/nf-core/test-datasets/modules/data/genomics/homo_sapiens/genome/genome.fasta.gz"
                ],
                "7": [
                    [
                        "smr_v4.3_default_db.fasta:md5,d3cb15b68d7eee5b4610126db7781f82",
                        "smr_v4.3_fast_db.fasta:md5,ebe4e5c0059591f8ae37dadffcf55b3a",
                        "smr_v4.3_sensitive_db.fasta:md5,45ec08a220f069499cdb3a4b7b1eef1b",
                        "smr_v4.3_sensitive_db_rfam_seeds.fasta:md5,24250fbee1fa25d30dc2b150b81078cb"
                    ]
                ],
                "8": [
                    "versions.yml:md5,82e9b660bff14eba450c7baa32097e49",
                    "versions.yml:md5,85db3db3e96b7bc88ad5f6865a433106",
                    "versions.yml:md5,f2083baa6f6a723b73b10e75a5366aa8"
                ],
                "contaminant_fasta": [
                    "/nf-core/test-datasets/modules/data/genomics/homo_sapiens/genome/genome.fasta.gz"
                ],
                "fasta_compressed": [
                    "/nf-core/test-datasets/modules/data/genomics/sarscov2/genome/genome.fasta.gz"
                ],
                "fasta_uncompressed": [
                    "genome.fasta:md5,6e9fe4042a72f2345f644f239272b7e6"
                ],
                "gtf_compressed": [
                    "/nf-core/test-datasets/modules/data/genomics/mus_musculus/genome/chr19.filtered.gtf.gz"
                ],
                "gtf_isoform": [
                    
                ],
                "gtf_uncompressed": [
                    "chr19.filtered.gtf:md5,29ea9f8629c84868b4b0ce5cd4f57632"
                ],
                "rrna_db_fasta": [
                    [
                        "smr_v4.3_default_db.fasta:md5,d3cb15b68d7eee5b4610126db7781f82",
                        "smr_v4.3_fast_db.fasta:md5,ebe4e5c0059591f8ae37dadffcf55b3a",
                        "smr_v4.3_sensitive_db.fasta:md5,45ec08a220f069499cdb3a4b7b1eef1b",
                        "smr_v4.3_sensitive_db_rfam_seeds.fasta:md5,24250fbee1fa25d30dc2b150b81078cb"
                    ]
                ],
                "transcriptome": [
                    "/nf-core/test-datasets/modules/data/genomics/sarscov2/genome/transcriptome.fasta"
                ],
                "versions": [
                    "versions.yml:md5,82e9b660bff14eba450c7baa32097e49",
                    "versions.yml:md5,85db3db3e96b7bc88ad5f6865a433106",
                    "versions.yml:md5,f2083baa6f6a723b73b10e75a5366aa8"
                ]
            }
        ],
        "meta": {
            "nf-test": "0.9.3",
            "nextflow": "25.10.2"
        },
        "timestamp": "2026-01-31T19:51:05.799287275"
    }
}