{
    "homo_sapiens - bam - bai - fasta - fai - dict - intervals - known_sites - known_sites_tbi | skip_baserecalibration": {
        "content": [
            {
                "bai": [
                    [
                        {
                            "id": "test2"
                        },
                        "test2.bam.bai"
                    ],
                    [
                        {
                            "id": "test"
                        },
                        "test.bam.bai"
                    ]
                ],
                "bam": [
                    [
                        {
                            "id": "test2"
                        },
                        "test2.bam"
                    ],
                    [
                        {
                            "id": "test"
                        },
                        "test.bam"
                    ]
                ],
                "picard_metrics": [
                    [
                        {
                            "id": "test2"
                        },
                        "test2.MarkDuplicates.metrics.txt"
                    ],
                    [
                        {
                            "id": "test"
                        },
                        "test.MarkDuplicates.metrics.txt"
                    ]
                ],
                "recalibrate_table": [
                    
                ]
            }
        ],
        "meta": {
            "nf-test": "0.9.3",
            "nextflow": "25.10.4"
        },
        "timestamp": "2026-03-01T04:18:07.670560954"
    },
    "homo_sapiens - bam - bai - fasta - fai - dict - intervals - known_sites - known_sites_tbi | skip_picard_markduplicates": {
        "content": [
            {
                "bai": [
                    [
                        {
                            "id": "test2"
                        },
                        "test2.bam.bai"
                    ],
                    [
                        {
                            "id": "test"
                        },
                        "test.bam.bai"
                    ]
                ],
                "bam": [
                    [
                        {
                            "id": "test2"
                        },
                        "test2.bam"
                    ],
                    [
                        {
                            "id": "test"
                        },
                        "test.bam"
                    ]
                ],
                "picard_metrics": [
                    
                ],
                "recalibrate_table": [
                    [
                        {
                            "id": "test2"
                        },
                        "test2.baserecalibrator.table:md5,85a69e90e13760e3c07e572c083a477a"
                    ],
                    [
                        {
                            "id": "test2"
                        },
                        "test2.baserecalibrator.table:md5,85a69e90e13760e3c07e572c083a477a"
                    ],
                    [
                        {
                            "id": "test"
                        },
                        "test.baserecalibrator.table:md5,d8e92d3b2ac8e02e524f0f6f894ff397"
                    ],
                    [
                        {
                            "id": "test"
                        },
                        "test.baserecalibrator.table:md5,d8e92d3b2ac8e02e524f0f6f894ff397"
                    ]
                ]
            }
        ],
        "meta": {
            "nf-test": "0.9.3",
            "nextflow": "25.10.4"
        },
        "timestamp": "2026-03-01T04:02:54.395992911"
    },
    "homo_sapiens - bam - bai - fasta - fai - dict - intervals - known_sites - known_sites_tbi": {
        "content": [
            {
                "bai": [
                    [
                        {
                            "id": "test2"
                        },
                        "test2.bam.bai"
                    ],
                    [
                        {
                            "id": "test"
                        },
                        "test.bam.bai"
                    ]
                ],
                "bam": [
                    [
                        {
                            "id": "test2"
                        },
                        "test2.bam"
                    ],
                    [
                        {
                            "id": "test"
                        },
                        "test.bam"
                    ]
                ],
                "picard_metrics": [
                    [
                        {
                            "id": "test2"
                        },
                        "test2.MarkDuplicates.metrics.txt"
                    ],
                    [
                        {
                            "id": "test"
                        },
                        "test.MarkDuplicates.metrics.txt"
                    ]
                ],
                "recalibrate_table": [
                    [
                        {
                            "id": "test2"
                        },
                        "test2.baserecalibrator.table:md5,ab7364f5a75f1fc5d5c131b247410796"
                    ],
                    [
                        {
                            "id": "test2"
                        },
                        "test2.baserecalibrator.table:md5,ab7364f5a75f1fc5d5c131b247410796"
                    ],
                    [
                        {
                            "id": "test"
                        },
                        "test.baserecalibrator.table:md5,357cb15db18ffa25a99107a49b62bd91"
                    ],
                    [
                        {
                            "id": "test"
                        },
                        "test.baserecalibrator.table:md5,357cb15db18ffa25a99107a49b62bd91"
                    ]
                ]
            }
        ],
        "meta": {
            "nf-test": "0.9.3",
            "nextflow": "25.10.4"
        },
        "timestamp": "2026-03-01T03:42:12.54480888"
    },
    "homo_sapiens - bam - bai - fasta - fai - dict - intervals - known_sites - known_sites_tbi - stub": {
        "content": [
            {
                "0": [
                    [
                        {
                            "id": "test2"
                        },
                        "test2.bam:md5,d41d8cd98f00b204e9800998ecf8427e"
                    ],
                    [
                        {
                            "id": "test"
                        },
                        "test.bam:md5,d41d8cd98f00b204e9800998ecf8427e"
                    ]
                ],
                "1": [
                    [
                        {
                            "id": "test2"
                        },
                        "test2.bam.bai:md5,d41d8cd98f00b204e9800998ecf8427e"
                    ],
                    [
                        {
                            "id": "test"
                        },
                        "test.bam.bai:md5,d41d8cd98f00b204e9800998ecf8427e"
                    ]
                ],
                "2": [
                    [
                        {
                            "id": "test2"
                        },
                        "test2.MarkDuplicates.metrics.txt:md5,d41d8cd98f00b204e9800998ecf8427e"
                    ],
                    [
                        {
                            "id": "test"
                        },
                        "test.MarkDuplicates.metrics.txt:md5,d41d8cd98f00b204e9800998ecf8427e"
                    ]
                ],
                "3": [
                    [
                        {
                            "id": "test2"
                        },
                        "test2.baserecalibrator.table:md5,d41d8cd98f00b204e9800998ecf8427e"
                    ],
                    [
                        {
                            "id": "test2"
                        },
                        "test2.baserecalibrator.table:md5,d41d8cd98f00b204e9800998ecf8427e"
                    ],
                    [
                        {
                            "id": "test"
                        },
                        "test.baserecalibrator.table:md5,d41d8cd98f00b204e9800998ecf8427e"
                    ],
                    [
                        {
                            "id": "test"
                        },
                        "test.baserecalibrator.table:md5,d41d8cd98f00b204e9800998ecf8427e"
                    ]
                ],
                "bai": [
                    [
                        {
                            "id": "test2"
                        },
                        "test2.bam.bai:md5,d41d8cd98f00b204e9800998ecf8427e"
                    ],
                    [
                        {
                            "id": "test"
                        },
                        "test.bam.bai:md5,d41d8cd98f00b204e9800998ecf8427e"
                    ]
                ],
                "bam": [
                    [
                        {
                            "id": "test2"
                        },
                        "test2.bam:md5,d41d8cd98f00b204e9800998ecf8427e"
                    ],
                    [
                        {
                            "id": "test"
                        },
                        "test.bam:md5,d41d8cd98f00b204e9800998ecf8427e"
                    ]
                ],
                "picard_metrics": [
                    [
                        {
                            "id": "test2"
                        },
                        "test2.MarkDuplicates.metrics.txt:md5,d41d8cd98f00b204e9800998ecf8427e"
                    ],
                    [
                        {
                            "id": "test"
                        },
                        "test.MarkDuplicates.metrics.txt:md5,d41d8cd98f00b204e9800998ecf8427e"
                    ]
                ],
                "recalibrate_table": [
                    [
                        {
                            "id": "test2"
                        },
                        "test2.baserecalibrator.table:md5,d41d8cd98f00b204e9800998ecf8427e"
                    ],
                    [
                        {
                            "id": "test2"
                        },
                        "test2.baserecalibrator.table:md5,d41d8cd98f00b204e9800998ecf8427e"
                    ],
                    [
                        {
                            "id": "test"
                        },
                        "test.baserecalibrator.table:md5,d41d8cd98f00b204e9800998ecf8427e"
                    ],
                    [
                        {
                            "id": "test"
                        },
                        "test.baserecalibrator.table:md5,d41d8cd98f00b204e9800998ecf8427e"
                    ]
                ]
            }
        ],
        "meta": {
            "nf-test": "0.9.3",
            "nextflow": "25.10.4"
        },
        "timestamp": "2026-03-01T04:24:13.636740571"
    }
}