{
    "homo_sapiens - intervals - stub": {
        "content": [
            {
                "0": [
                    [
                        {
                            "id": "intervals"
                        },
                        [
                            "1scattered.interval_list:md5,d41d8cd98f00b204e9800998ecf8427e",
                            "2scattered.interval_list:md5,d41d8cd98f00b204e9800998ecf8427e",
                            "3scattered.interval_list:md5,d41d8cd98f00b204e9800998ecf8427e",
                            "4scattered.interval_list:md5,d41d8cd98f00b204e9800998ecf8427e"
                        ]
                    ]
                ],
                "1": [
                    [
                        "GATK4_INTERVALLISTTOOLS",
                        "gatk4",
                        "4.6.2.0"
                    ]
                ],
                "interval_list": [
                    [
                        {
                            "id": "intervals"
                        },
                        [
                            "1scattered.interval_list:md5,d41d8cd98f00b204e9800998ecf8427e",
                            "2scattered.interval_list:md5,d41d8cd98f00b204e9800998ecf8427e",
                            "3scattered.interval_list:md5,d41d8cd98f00b204e9800998ecf8427e",
                            "4scattered.interval_list:md5,d41d8cd98f00b204e9800998ecf8427e"
                        ]
                    ]
                ],
                "versions_gatk4": [
                    [
                        "GATK4_INTERVALLISTTOOLS",
                        "gatk4",
                        "4.6.2.0"
                    ]
                ]
            }
        ],
        "meta": {
            "nf-test": "0.9.3",
            "nextflow": "25.10.2"
        },
        "timestamp": "2026-02-14T23:40:58.206246602"
    },
    "homo_sapiens - intervals": {
        "content": [
            {
                "0": [
                    [
                        {
                            "id": "intervals"
                        },
                        "1scattered.interval_list:md5,b73982259d229606ca1c1b7838724317"
                    ]
                ],
                "1": [
                    [
                        "GATK4_INTERVALLISTTOOLS",
                        "gatk4",
                        "4.6.2.0"
                    ]
                ],
                "interval_list": [
                    [
                        {
                            "id": "intervals"
                        },
                        "1scattered.interval_list:md5,b73982259d229606ca1c1b7838724317"
                    ]
                ],
                "versions_gatk4": [
                    [
                        "GATK4_INTERVALLISTTOOLS",
                        "gatk4",
                        "4.6.2.0"
                    ]
                ]
            }
        ],
        "meta": {
            "nf-test": "0.9.3",
            "nextflow": "25.10.2"
        },
        "timestamp": "2026-02-16T22:37:32.125443678"
    }
}