{
    "Should stub filter significant alternative splicing events from rMATS results and return mocked filtered files": {
        "content": [
            {
                "0": [
                    
                ],
                "1": [
                    
                ],
                "sig_rmats": [
                    
                ],
                "versions": [
                    
                ]
            }
        ],
        "meta": {
            "nf-test": "0.9.3",
            "nextflow": "25.10.2"
        },
        "timestamp": "2026-01-17T02:48:31.517259882"
    },
    "Should filter significant alternative splicing events from rMATS results and return filtered files": {
        "content": [
            {
                "0": [
                    [
                        "RI",
                        "RI_filtered.txt:md5,ad85867b8b92bbe6451d2c56f4a298e5"
                    ],
                    [
                        "SE",
                        "SE_filtered.txt:md5,73205f8e2b670e7b1ffab8de918dd304"
                    ]
                ],
                "1": [
                    "versions.yml:md5,74f0c7c88e1d762f76baf5be58cce166",
                    "versions.yml:md5,74f0c7c88e1d762f76baf5be58cce166"
                ],
                "sig_rmats": [
                    [
                        "RI",
                        "RI_filtered.txt:md5,ad85867b8b92bbe6451d2c56f4a298e5"
                    ],
                    [
                        "SE",
                        "SE_filtered.txt:md5,73205f8e2b670e7b1ffab8de918dd304"
                    ]
                ],
                "versions": [
                    "versions.yml:md5,74f0c7c88e1d762f76baf5be58cce166",
                    "versions.yml:md5,74f0c7c88e1d762f76baf5be58cce166"
                ]
            }
        ],
        "meta": {
            "nf-test": "0.9.3",
            "nextflow": "25.10.2"
        },
        "timestamp": "2026-01-17T02:47:38.52699105"
    }
}