{
    "Should identify RNA-seq strandedness with RSeQC and return experiment inference results": {
        "content": [
            {
                "0": [
                    [
                        {
                            "id": "test",
                            "single_end": true
                        },
                        "test.infer_experiment.txt:md5,f9d0bfc239df637cd8aeda40ade3c59a"
                    ]
                ],
                "1": [
                    "versions.yml:md5,787646d1308dfe04c8efbedbf47b2946"
                ],
                "txt": [
                    [
                        {
                            "id": "test",
                            "single_end": true
                        },
                        "test.infer_experiment.txt:md5,f9d0bfc239df637cd8aeda40ade3c59a"
                    ]
                ],
                "versions": [
                    "versions.yml:md5,787646d1308dfe04c8efbedbf47b2946"
                ]
            }
        ],
        "meta": {
            "nf-test": "0.9.3",
            "nextflow": "25.10.2"
        },
        "timestamp": "2026-01-19T05:23:38.240637174"
    },
    "Should stub identify RNA-seq strandedness with RSeQC and return mocked experiment inference results": {
        "content": [
            {
                "0": [
                    [
                        {
                            "id": "test",
                            "single_end": true
                        },
                        "test.infer_experiment.txt:md5,d41d8cd98f00b204e9800998ecf8427e"
                    ]
                ],
                "1": [
                    "versions.yml:md5,787646d1308dfe04c8efbedbf47b2946"
                ],
                "txt": [
                    [
                        {
                            "id": "test",
                            "single_end": true
                        },
                        "test.infer_experiment.txt:md5,d41d8cd98f00b204e9800998ecf8427e"
                    ]
                ],
                "versions": [
                    "versions.yml:md5,787646d1308dfe04c8efbedbf47b2946"
                ]
            }
        ],
        "meta": {
            "nf-test": "0.9.3",
            "nextflow": "25.10.2"
        },
        "timestamp": "2026-01-19T05:24:23.503992936"
    }
}