{
    "Should stub generate Sashimi plot for alternative splicing events and return mocked plot outputs": {
        "content": [
            {
                "0": [
                    [
                        {
                            "id": "RI"
                        },
                        [
                            
                        ]
                    ],
                    [
                        {
                            "id": "SE"
                        },
                        [
                            
                        ]
                    ]
                ],
                "1": [
                    [
                        "RMATS2SASHIMIPLOT",
                        "rmats2sashimiplot",
                        "3.0.0"
                    ],
                    [
                        "RMATS2SASHIMIPLOT",
                        "rmats2sashimiplot",
                        "3.0.0"
                    ]
                ],
                "sashimi_output": [
                    [
                        {
                            "id": "RI"
                        },
                        [
                            
                        ]
                    ],
                    [
                        {
                            "id": "SE"
                        },
                        [
                            
                        ]
                    ]
                ],
                "versions_rmats2sashimiplot": [
                    [
                        "RMATS2SASHIMIPLOT",
                        "rmats2sashimiplot",
                        "3.0.0"
                    ],
                    [
                        "RMATS2SASHIMIPLOT",
                        "rmats2sashimiplot",
                        "3.0.0"
                    ]
                ]
            }
        ],
        "meta": {
            "nf-test": "0.9.3",
            "nextflow": "25.10.2"
        },
        "timestamp": "2026-02-20T22:10:32.691895221"
    },
    "Should generate Sashimi plot for alternative splicing events and return plot outputs": {
        "content": [
            {
                "0": [
                    [
                        {
                            "id": "RI"
                        },
                        [
                            [
                                "RI.event.list.txt:md5,d41d8cd98f00b204e9800998ecf8427e",
                                "events_file.txt:md5,ad85867b8b92bbe6451d2c56f4a298e5"
                            ]
                        ]
                    ],
                    [
                        {
                            "id": "SE"
                        },
                        [
                            [
                                "SE.event.list.txt:md5,d41d8cd98f00b204e9800998ecf8427e",
                                "events_file.txt:md5,73205f8e2b670e7b1ffab8de918dd304"
                            ]
                        ]
                    ]
                ],
                "1": [
                    [
                        "RMATS2SASHIMIPLOT",
                        "rmats2sashimiplot",
                        "3.0.0"
                    ],
                    [
                        "RMATS2SASHIMIPLOT",
                        "rmats2sashimiplot",
                        "3.0.0"
                    ]
                ],
                "sashimi_output": [
                    [
                        {
                            "id": "RI"
                        },
                        [
                            [
                                "RI.event.list.txt:md5,d41d8cd98f00b204e9800998ecf8427e",
                                "events_file.txt:md5,ad85867b8b92bbe6451d2c56f4a298e5"
                            ]
                        ]
                    ],
                    [
                        {
                            "id": "SE"
                        },
                        [
                            [
                                "SE.event.list.txt:md5,d41d8cd98f00b204e9800998ecf8427e",
                                "events_file.txt:md5,73205f8e2b670e7b1ffab8de918dd304"
                            ]
                        ]
                    ]
                ],
                "versions_rmats2sashimiplot": [
                    [
                        "RMATS2SASHIMIPLOT",
                        "rmats2sashimiplot",
                        "3.0.0"
                    ],
                    [
                        "RMATS2SASHIMIPLOT",
                        "rmats2sashimiplot",
                        "3.0.0"
                    ]
                ]
            }
        ],
        "meta": {
            "nf-test": "0.9.3",
            "nextflow": "25.10.2"
        },
        "timestamp": "2026-02-20T22:08:58.021745601"
    }
}