{
    "homo_sapiens - fastq1 - index - fasta": {
        "content": [
            {
                "bam": [
                    [
                        {
                            "id": "test",
                            "lib_type": "forward",
                            "single_end": true
                        },
                        "test.bam"
                    ]
                ],
                "summary": [
                    [
                        {
                            "id": "test",
                            "lib_type": "forward",
                            "single_end": true
                        },
                        "test.hisat2.summary:md5,b6e0e1bf6cfbc4a497a8dc7873ff039e"
                    ]
                ],
                "versions_hisat2": [
                    [
                        "HISAT2_ALIGN",
                        "hisat2",
                        "2.2.1"
                    ]
                ],
                "versions_samtools": [
                    [
                        "HISAT2_ALIGN",
                        "samtools",
                        "1.16.1"
                    ]
                ]
            }
        ],
        "meta": {
            "nf-test": "0.9.3",
            "nextflow": "25.10.2"
        },
        "timestamp": "2026-02-20T05:17:17.737860234"
    },
    "homo_sapiens - [fastq1, fastq2] - index - fasta": {
        "content": [
            {
                "bam": [
                    [
                        {
                            "id": "test",
                            "lib_type": "reverse",
                            "single_end": false
                        },
                        "test.bam"
                    ]
                ],
                "summary": [
                    [
                        {
                            "id": "test",
                            "lib_type": "reverse",
                            "single_end": false
                        },
                        "test.hisat2.summary:md5,c4f391ce653d392e5dcd1b766a430695"
                    ]
                ],
                "versions_hisat2": [
                    [
                        "HISAT2_ALIGN",
                        "hisat2",
                        "2.2.1"
                    ]
                ],
                "versions_samtools": [
                    [
                        "HISAT2_ALIGN",
                        "samtools",
                        "1.16.1"
                    ]
                ]
            }
        ],
        "meta": {
            "nf-test": "0.9.3",
            "nextflow": "25.10.2"
        },
        "timestamp": "2026-02-20T05:20:05.323038754"
    },
    "homo_sapiens - [fastq1, fastq2] - index - fasta - stub": {
        "content": [
            {
                "0": [
                    [
                        {
                            "id": "test",
                            "lib_type": "reverse",
                            "single_end": false
                        },
                        "test.bam:md5,d41d8cd98f00b204e9800998ecf8427e"
                    ]
                ],
                "1": [
                    [
                        {
                            "id": "test",
                            "lib_type": "reverse",
                            "single_end": false
                        },
                        "test.hisat2.summary:md5,d41d8cd98f00b204e9800998ecf8427e"
                    ]
                ],
                "2": [
                    [
                        "HISAT2_ALIGN",
                        "hisat2",
                        "2.2.1"
                    ]
                ],
                "3": [
                    [
                        "HISAT2_ALIGN",
                        "samtools",
                        "1.16.1"
                    ]
                ],
                "bam": [
                    [
                        {
                            "id": "test",
                            "lib_type": "reverse",
                            "single_end": false
                        },
                        "test.bam:md5,d41d8cd98f00b204e9800998ecf8427e"
                    ]
                ],
                "summary": [
                    [
                        {
                            "id": "test",
                            "lib_type": "reverse",
                            "single_end": false
                        },
                        "test.hisat2.summary:md5,d41d8cd98f00b204e9800998ecf8427e"
                    ]
                ],
                "versions_hisat2": [
                    [
                        "HISAT2_ALIGN",
                        "hisat2",
                        "2.2.1"
                    ]
                ],
                "versions_samtools": [
                    [
                        "HISAT2_ALIGN",
                        "samtools",
                        "1.16.1"
                    ]
                ]
            }
        ],
        "meta": {
            "nf-test": "0.9.3",
            "nextflow": "25.10.2"
        },
        "timestamp": "2026-02-20T05:23:07.394185468"
    },
    "homo_sapiens - fastq1 - index - fasta - stub": {
        "content": [
            {
                "0": [
                    [
                        {
                            "id": "test",
                            "lib_type": "forward",
                            "single_end": true
                        },
                        "test.bam:md5,d41d8cd98f00b204e9800998ecf8427e"
                    ]
                ],
                "1": [
                    [
                        {
                            "id": "test",
                            "lib_type": "forward",
                            "single_end": true
                        },
                        "test.hisat2.summary:md5,d41d8cd98f00b204e9800998ecf8427e"
                    ]
                ],
                "2": [
                    [
                        "HISAT2_ALIGN",
                        "hisat2",
                        "2.2.1"
                    ]
                ],
                "3": [
                    [
                        "HISAT2_ALIGN",
                        "samtools",
                        "1.16.1"
                    ]
                ],
                "bam": [
                    [
                        {
                            "id": "test",
                            "lib_type": "forward",
                            "single_end": true
                        },
                        "test.bam:md5,d41d8cd98f00b204e9800998ecf8427e"
                    ]
                ],
                "summary": [
                    [
                        {
                            "id": "test",
                            "lib_type": "forward",
                            "single_end": true
                        },
                        "test.hisat2.summary:md5,d41d8cd98f00b204e9800998ecf8427e"
                    ]
                ],
                "versions_hisat2": [
                    [
                        "HISAT2_ALIGN",
                        "hisat2",
                        "2.2.1"
                    ]
                ],
                "versions_samtools": [
                    [
                        "HISAT2_ALIGN",
                        "samtools",
                        "1.16.1"
                    ]
                ]
            }
        ],
        "meta": {
            "nf-test": "0.9.3",
            "nextflow": "25.10.2"
        },
        "timestamp": "2026-02-20T05:21:40.492919596"
    }
}