{
    "sarscov2 - bam - bed - bai | genebody_coverage_only": {
        "content": [
            {
                "bamstat": [
                    
                ],
                "genebodycoverage_curves": [
                    [
                        {
                            "id": "2 samples"
                        },
                        "genebodycoverage.geneBodyCoverage.curves.pdf"
                    ]
                ],
                "genebodycoverage_heatmap": [
                    
                ],
                "genebodycoverage_log": [
                    [
                        {
                            "id": "2 samples"
                        },
                        "log.txt"
                    ]
                ],
                "genebodycoverage_r": [
                    [
                        {
                            "id": "2 samples"
                        },
                        "genebodycoverage.geneBodyCoverage.r:md5,30b2d095406c849305035159acdd6499"
                    ]
                ],
                "genebodycoverage_txt": [
                    [
                        {
                            "id": "2 samples"
                        },
                        "genebodycoverage.geneBodyCoverage.txt:md5,11ecc8f0c9644450685fe48ead48ffe4"
                    ]
                ],
                "inferexperiment": [
                    
                ],
                "innerdistance_distance": [
                    
                ],
                "innerdistance_freq": [
                    
                ],
                "innerdistance_pdf": [
                    
                ],
                "innerdistance_r": [
                    
                ],
                "junctionannotation_bed": [
                    
                ],
                "junctionannotation_events_pdf": [
                    
                ],
                "junctionannotation_interact": [
                    
                ],
                "junctionannotation_log": [
                    
                ],
                "junctionannotation_pdf": [
                    
                ],
                "junctionannotation_r": [
                    
                ],
                "junctionannotation_xls": [
                    
                ],
                "readdistribution": [
                    
                ],
                "readduplication_pdf": [
                    
                ],
                "readduplication_pos": [
                    
                ],
                "readduplication_r": [
                    
                ],
                "readduplication_seq": [
                    
                ],
                "tin_txt": [
                    
                ],
                "tin_xls": [
                    
                ]
            }
        ],
        "meta": {
            "nf-test": "0.9.3",
            "nextflow": "25.10.2"
        },
        "timestamp": "2026-02-24T19:16:30.554925801"
    },
    "sarscov2 - bam - bed - bai | junction_annotation_only": {
        "content": [
            {
                "0": [
                    
                ],
                "1": [
                    
                ],
                "10": [
                    
                ],
                "11": [
                    [
                        {
                            "id": "test",
                            "single_end": false
                        },
                        "test.junction.xls:md5,d41d8cd98f00b204e9800998ecf8427e"
                    ]
                ],
                "12": [
                    [
                        {
                            "id": "test",
                            "single_end": false
                        },
                        "test.junction_annotation.log:md5,d75e0f5d62fada8aa9449991b209554c"
                    ]
                ],
                "13": [
                    [
                        {
                            "id": "test",
                            "single_end": false
                        },
                        "test.junction_plot.r:md5,d41d8cd98f00b204e9800998ecf8427e"
                    ]
                ],
                "14": [
                    
                ],
                "15": [
                    
                ],
                "16": [
                    
                ],
                "17": [
                    
                ],
                "18": [
                    
                ],
                "19": [
                    
                ],
                "2": [
                    
                ],
                "20": [
                    
                ],
                "21": [
                    
                ],
                "22": [
                    
                ],
                "23": [
                    
                ],
                "24": [
                    
                ],
                "3": [
                    
                ],
                "4": [
                    
                ],
                "5": [
                    
                ],
                "6": [
                    
                ],
                "7": [
                    
                ],
                "8": [
                    
                ],
                "9": [
                    
                ],
                "bamstat": [
                    
                ],
                "genebodycoverage_curves": [
                    
                ],
                "genebodycoverage_heatmap": [
                    
                ],
                "genebodycoverage_log": [
                    
                ],
                "genebodycoverage_r": [
                    
                ],
                "genebodycoverage_txt": [
                    
                ],
                "inferexperiment": [
                    
                ],
                "innerdistance_distance": [
                    
                ],
                "innerdistance_freq": [
                    
                ],
                "innerdistance_pdf": [
                    
                ],
                "innerdistance_r": [
                    
                ],
                "junctionannotation_bed": [
                    
                ],
                "junctionannotation_events_pdf": [
                    
                ],
                "junctionannotation_interact": [
                    
                ],
                "junctionannotation_log": [
                    [
                        {
                            "id": "test",
                            "single_end": false
                        },
                        "test.junction_annotation.log:md5,d75e0f5d62fada8aa9449991b209554c"
                    ]
                ],
                "junctionannotation_pdf": [
                    
                ],
                "junctionannotation_r": [
                    [
                        {
                            "id": "test",
                            "single_end": false
                        },
                        "test.junction_plot.r:md5,d41d8cd98f00b204e9800998ecf8427e"
                    ]
                ],
                "junctionannotation_xls": [
                    [
                        {
                            "id": "test",
                            "single_end": false
                        },
                        "test.junction.xls:md5,d41d8cd98f00b204e9800998ecf8427e"
                    ]
                ],
                "readdistribution": [
                    
                ],
                "readduplication_pdf": [
                    
                ],
                "readduplication_pos": [
                    
                ],
                "readduplication_r": [
                    
                ],
                "readduplication_seq": [
                    
                ],
                "tin_txt": [
                    
                ],
                "tin_xls": [
                    
                ]
            }
        ],
        "meta": {
            "nf-test": "0.9.3",
            "nextflow": "25.10.2"
        },
        "timestamp": "2026-02-24T19:20:50.626540347"
    },
    "sarscov2 - bam - bed - bai | tin_only": {
        "content": [
            {
                "0": [
                    
                ],
                "1": [
                    
                ],
                "10": [
                    
                ],
                "11": [
                    
                ],
                "12": [
                    
                ],
                "13": [
                    
                ],
                "14": [
                    
                ],
                "15": [
                    
                ],
                "16": [
                    
                ],
                "17": [
                    
                ],
                "18": [
                    
                ],
                "19": [
                    
                ],
                "2": [
                    
                ],
                "20": [
                    
                ],
                "21": [
                    
                ],
                "22": [
                    
                ],
                "23": [
                    [
                        {
                            "id": "test",
                            "single_end": false
                        },
                        "test.paired_end.sorted.summary.txt:md5,9d98447e178b89a89f6f5aba7a772fe6"
                    ]
                ],
                "24": [
                    [
                        {
                            "id": "test",
                            "single_end": false
                        },
                        "test.paired_end.sorted.tin.xls:md5,abdbb6d51a5cd7038cd862ce241ecef1"
                    ]
                ],
                "3": [
                    
                ],
                "4": [
                    
                ],
                "5": [
                    
                ],
                "6": [
                    
                ],
                "7": [
                    
                ],
                "8": [
                    
                ],
                "9": [
                    
                ],
                "bamstat": [
                    
                ],
                "genebodycoverage_curves": [
                    
                ],
                "genebodycoverage_heatmap": [
                    
                ],
                "genebodycoverage_log": [
                    
                ],
                "genebodycoverage_r": [
                    
                ],
                "genebodycoverage_txt": [
                    
                ],
                "inferexperiment": [
                    
                ],
                "innerdistance_distance": [
                    
                ],
                "innerdistance_freq": [
                    
                ],
                "innerdistance_pdf": [
                    
                ],
                "innerdistance_r": [
                    
                ],
                "junctionannotation_bed": [
                    
                ],
                "junctionannotation_events_pdf": [
                    
                ],
                "junctionannotation_interact": [
                    
                ],
                "junctionannotation_log": [
                    
                ],
                "junctionannotation_pdf": [
                    
                ],
                "junctionannotation_r": [
                    
                ],
                "junctionannotation_xls": [
                    
                ],
                "readdistribution": [
                    
                ],
                "readduplication_pdf": [
                    
                ],
                "readduplication_pos": [
                    
                ],
                "readduplication_r": [
                    
                ],
                "readduplication_seq": [
                    
                ],
                "tin_txt": [
                    [
                        {
                            "id": "test",
                            "single_end": false
                        },
                        "test.paired_end.sorted.summary.txt:md5,9d98447e178b89a89f6f5aba7a772fe6"
                    ]
                ],
                "tin_xls": [
                    [
                        {
                            "id": "test",
                            "single_end": false
                        },
                        "test.paired_end.sorted.tin.xls:md5,abdbb6d51a5cd7038cd862ce241ecef1"
                    ]
                ]
            }
        ],
        "meta": {
            "nf-test": "0.9.3",
            "nextflow": "25.10.2"
        },
        "timestamp": "2026-02-24T19:24:58.659496287"
    },
    "sarscov2 - bam - bed - bai | read_duplication_only": {
        "content": [
            {
                "bamstat": [
                    
                ],
                "genebodycoverage_curves": [
                    
                ],
                "genebodycoverage_heatmap": [
                    
                ],
                "genebodycoverage_log": [
                    
                ],
                "genebodycoverage_r": [
                    
                ],
                "genebodycoverage_txt": [
                    
                ],
                "inferexperiment": [
                    
                ],
                "innerdistance_distance": [
                    
                ],
                "innerdistance_freq": [
                    
                ],
                "innerdistance_pdf": [
                    
                ],
                "innerdistance_r": [
                    
                ],
                "junctionannotation_bed": [
                    
                ],
                "junctionannotation_events_pdf": [
                    
                ],
                "junctionannotation_interact": [
                    
                ],
                "junctionannotation_log": [
                    
                ],
                "junctionannotation_pdf": [
                    
                ],
                "junctionannotation_r": [
                    
                ],
                "junctionannotation_xls": [
                    
                ],
                "readdistribution": [
                    
                ],
                "readduplication_pdf": [
                    [
                        {
                            "id": "test",
                            "single_end": false
                        },
                        "test.DupRate_plot.pdf"
                    ]
                ],
                "readduplication_pos": [
                    [
                        {
                            "id": "test",
                            "single_end": false
                        },
                        "test.pos.DupRate.xls:md5,a859bc2031d46bf1cc4336205847caa3"
                    ]
                ],
                "readduplication_r": [
                    [
                        {
                            "id": "test",
                            "single_end": false
                        },
                        "test.DupRate_plot.r:md5,3c0325095cee4835b921e57d61c23dca"
                    ]
                ],
                "readduplication_seq": [
                    [
                        {
                            "id": "test",
                            "single_end": false
                        },
                        "test.seq.DupRate.xls:md5,ee8783399eec5a18522a6f08bece338b"
                    ]
                ],
                "tin_txt": [
                    
                ],
                "tin_xls": [
                    
                ]
            }
        ],
        "meta": {
            "nf-test": "0.9.3",
            "nextflow": "25.10.2"
        },
        "timestamp": "2026-02-24T19:23:54.849206371"
    },
    "sarscov2 - bam - bed - bai - stub": {
        "content": [
            {
                "0": [
                    [
                        {
                            "id": "test1",
                            "single_end": false
                        },
                        "test1.bam_stat.txt:md5,d41d8cd98f00b204e9800998ecf8427e"
                    ],
                    [
                        {
                            "id": "test2",
                            "single_end": false
                        },
                        "test2.bam_stat.txt:md5,d41d8cd98f00b204e9800998ecf8427e"
                    ]
                ],
                "1": [
                    [
                        {
                            "id": "2 samples"
                        },
                        "genebodycoverage.geneBodyCoverage.r:md5,d41d8cd98f00b204e9800998ecf8427e"
                    ]
                ],
                "10": [
                    [
                        {
                            "id": "test1",
                            "single_end": false
                        },
                        "test1.inner_distance_plot.r:md5,d41d8cd98f00b204e9800998ecf8427e"
                    ],
                    [
                        {
                            "id": "test2",
                            "single_end": false
                        },
                        "test2.inner_distance_plot.r:md5,d41d8cd98f00b204e9800998ecf8427e"
                    ]
                ],
                "11": [
                    [
                        {
                            "id": "test1",
                            "single_end": false
                        },
                        "test1.junction.xls:md5,d41d8cd98f00b204e9800998ecf8427e"
                    ],
                    [
                        {
                            "id": "test2",
                            "single_end": false
                        },
                        "test2.junction.xls:md5,d41d8cd98f00b204e9800998ecf8427e"
                    ]
                ],
                "12": [
                    [
                        {
                            "id": "test1",
                            "single_end": false
                        },
                        "test1.junction_annotation.log:md5,d41d8cd98f00b204e9800998ecf8427e"
                    ],
                    [
                        {
                            "id": "test2",
                            "single_end": false
                        },
                        "test2.junction_annotation.log:md5,d41d8cd98f00b204e9800998ecf8427e"
                    ]
                ],
                "13": [
                    [
                        {
                            "id": "test1",
                            "single_end": false
                        },
                        "test1.junction_plot.r:md5,d41d8cd98f00b204e9800998ecf8427e"
                    ],
                    [
                        {
                            "id": "test2",
                            "single_end": false
                        },
                        "test2.junction_plot.r:md5,d41d8cd98f00b204e9800998ecf8427e"
                    ]
                ],
                "14": [
                    [
                        {
                            "id": "test1",
                            "single_end": false
                        },
                        "test1.junction.bed:md5,d41d8cd98f00b204e9800998ecf8427e"
                    ],
                    [
                        {
                            "id": "test2",
                            "single_end": false
                        },
                        "test2.junction.bed:md5,d41d8cd98f00b204e9800998ecf8427e"
                    ]
                ],
                "15": [
                    [
                        {
                            "id": "test1",
                            "single_end": false
                        },
                        "test1.Interact.bed:md5,d41d8cd98f00b204e9800998ecf8427e"
                    ],
                    [
                        {
                            "id": "test2",
                            "single_end": false
                        },
                        "test2.Interact.bed:md5,d41d8cd98f00b204e9800998ecf8427e"
                    ]
                ],
                "16": [
                    [
                        {
                            "id": "test1",
                            "single_end": false
                        },
                        "test1.junction.pdf:md5,d41d8cd98f00b204e9800998ecf8427e"
                    ],
                    [
                        {
                            "id": "test2",
                            "single_end": false
                        },
                        "test2.junction.pdf:md5,d41d8cd98f00b204e9800998ecf8427e"
                    ]
                ],
                "17": [
                    [
                        {
                            "id": "test1",
                            "single_end": false
                        },
                        "test1.events.pdf:md5,d41d8cd98f00b204e9800998ecf8427e"
                    ],
                    [
                        {
                            "id": "test2",
                            "single_end": false
                        },
                        "test2.events.pdf:md5,d41d8cd98f00b204e9800998ecf8427e"
                    ]
                ],
                "18": [
                    [
                        {
                            "id": "test1",
                            "single_end": false
                        },
                        "test1.read_distribution.txt:md5,d41d8cd98f00b204e9800998ecf8427e"
                    ],
                    [
                        {
                            "id": "test2",
                            "single_end": false
                        },
                        "test2.read_distribution.txt:md5,d41d8cd98f00b204e9800998ecf8427e"
                    ]
                ],
                "19": [
                    [
                        {
                            "id": "test1",
                            "single_end": false
                        },
                        "test1.DupRate_plot.pdf:md5,d41d8cd98f00b204e9800998ecf8427e"
                    ],
                    [
                        {
                            "id": "test2",
                            "single_end": false
                        },
                        "test2.DupRate_plot.pdf:md5,d41d8cd98f00b204e9800998ecf8427e"
                    ]
                ],
                "2": [
                    [
                        {
                            "id": "2 samples"
                        },
                        "genebodycoverage.geneBodyCoverage.curves.pdf:md5,d41d8cd98f00b204e9800998ecf8427e"
                    ]
                ],
                "20": [
                    [
                        {
                            "id": "test1",
                            "single_end": false
                        },
                        "test1.DupRate_plot.r:md5,d41d8cd98f00b204e9800998ecf8427e"
                    ],
                    [
                        {
                            "id": "test2",
                            "single_end": false
                        },
                        "test2.DupRate_plot.r:md5,d41d8cd98f00b204e9800998ecf8427e"
                    ]
                ],
                "21": [
                    [
                        {
                            "id": "test1",
                            "single_end": false
                        },
                        "test1.seq.DupRate.xls:md5,d41d8cd98f00b204e9800998ecf8427e"
                    ],
                    [
                        {
                            "id": "test2",
                            "single_end": false
                        },
                        "test2.seq.DupRate.xls:md5,d41d8cd98f00b204e9800998ecf8427e"
                    ]
                ],
                "22": [
                    [
                        {
                            "id": "test1",
                            "single_end": false
                        },
                        "test1.pos.DupRate.xls:md5,d41d8cd98f00b204e9800998ecf8427e"
                    ],
                    [
                        {
                            "id": "test2",
                            "single_end": false
                        },
                        "test2.pos.DupRate.xls:md5,d41d8cd98f00b204e9800998ecf8427e"
                    ]
                ],
                "23": [
                    [
                        {
                            "id": "test1",
                            "single_end": false
                        },
                        "test.paired_end.sorted.summary.txt:md5,d41d8cd98f00b204e9800998ecf8427e"
                    ],
                    [
                        {
                            "id": "test2",
                            "single_end": false
                        },
                        "test.paired_end.methylated.sorted.summary.txt:md5,d41d8cd98f00b204e9800998ecf8427e"
                    ]
                ],
                "24": [
                    [
                        {
                            "id": "test1",
                            "single_end": false
                        },
                        "test.paired_end.sorted.tin.xls:md5,d41d8cd98f00b204e9800998ecf8427e"
                    ],
                    [
                        {
                            "id": "test2",
                            "single_end": false
                        },
                        "test.paired_end.methylated.sorted.tin.xls:md5,d41d8cd98f00b204e9800998ecf8427e"
                    ]
                ],
                "3": [
                    [
                        {
                            "id": "2 samples"
                        },
                        "genebodycoverage.geneBodyCoverage.heatMap.pdf:md5,d41d8cd98f00b204e9800998ecf8427e"
                    ]
                ],
                "4": [
                    [
                        {
                            "id": "2 samples"
                        },
                        "genebodycoverage.geneBodyCoverage.txt:md5,d41d8cd98f00b204e9800998ecf8427e"
                    ]
                ],
                "5": [
                    [
                        {
                            "id": "2 samples"
                        },
                        "log.txt:md5,d41d8cd98f00b204e9800998ecf8427e"
                    ]
                ],
                "6": [
                    [
                        {
                            "id": "test1",
                            "single_end": false
                        },
                        "test1.infer_experiment.txt:md5,d41d8cd98f00b204e9800998ecf8427e"
                    ],
                    [
                        {
                            "id": "test2",
                            "single_end": false
                        },
                        "test2.infer_experiment.txt:md5,d41d8cd98f00b204e9800998ecf8427e"
                    ]
                ],
                "7": [
                    [
                        {
                            "id": "test1",
                            "single_end": false
                        },
                        "test1.inner_distance.txt:md5,d41d8cd98f00b204e9800998ecf8427e"
                    ],
                    [
                        {
                            "id": "test2",
                            "single_end": false
                        },
                        "test2.inner_distance.txt:md5,d41d8cd98f00b204e9800998ecf8427e"
                    ]
                ],
                "8": [
                    [
                        {
                            "id": "test1",
                            "single_end": false
                        },
                        "test1.inner_distance_freq.txt:md5,d41d8cd98f00b204e9800998ecf8427e"
                    ],
                    [
                        {
                            "id": "test2",
                            "single_end": false
                        },
                        "test2.inner_distance_freq.txt:md5,d41d8cd98f00b204e9800998ecf8427e"
                    ]
                ],
                "9": [
                    [
                        {
                            "id": "test1",
                            "single_end": false
                        },
                        "test1.inner_distance_plot.pdf:md5,d41d8cd98f00b204e9800998ecf8427e"
                    ],
                    [
                        {
                            "id": "test2",
                            "single_end": false
                        },
                        "test2.inner_distance_plot.pdf:md5,d41d8cd98f00b204e9800998ecf8427e"
                    ]
                ],
                "bamstat": [
                    [
                        {
                            "id": "test1",
                            "single_end": false
                        },
                        "test1.bam_stat.txt:md5,d41d8cd98f00b204e9800998ecf8427e"
                    ],
                    [
                        {
                            "id": "test2",
                            "single_end": false
                        },
                        "test2.bam_stat.txt:md5,d41d8cd98f00b204e9800998ecf8427e"
                    ]
                ],
                "genebodycoverage_curves": [
                    [
                        {
                            "id": "2 samples"
                        },
                        "genebodycoverage.geneBodyCoverage.curves.pdf:md5,d41d8cd98f00b204e9800998ecf8427e"
                    ]
                ],
                "genebodycoverage_heatmap": [
                    [
                        {
                            "id": "2 samples"
                        },
                        "genebodycoverage.geneBodyCoverage.heatMap.pdf:md5,d41d8cd98f00b204e9800998ecf8427e"
                    ]
                ],
                "genebodycoverage_log": [
                    [
                        {
                            "id": "2 samples"
                        },
                        "log.txt:md5,d41d8cd98f00b204e9800998ecf8427e"
                    ]
                ],
                "genebodycoverage_r": [
                    [
                        {
                            "id": "2 samples"
                        },
                        "genebodycoverage.geneBodyCoverage.r:md5,d41d8cd98f00b204e9800998ecf8427e"
                    ]
                ],
                "genebodycoverage_txt": [
                    [
                        {
                            "id": "2 samples"
                        },
                        "genebodycoverage.geneBodyCoverage.txt:md5,d41d8cd98f00b204e9800998ecf8427e"
                    ]
                ],
                "inferexperiment": [
                    [
                        {
                            "id": "test1",
                            "single_end": false
                        },
                        "test1.infer_experiment.txt:md5,d41d8cd98f00b204e9800998ecf8427e"
                    ],
                    [
                        {
                            "id": "test2",
                            "single_end": false
                        },
                        "test2.infer_experiment.txt:md5,d41d8cd98f00b204e9800998ecf8427e"
                    ]
                ],
                "innerdistance_distance": [
                    [
                        {
                            "id": "test1",
                            "single_end": false
                        },
                        "test1.inner_distance.txt:md5,d41d8cd98f00b204e9800998ecf8427e"
                    ],
                    [
                        {
                            "id": "test2",
                            "single_end": false
                        },
                        "test2.inner_distance.txt:md5,d41d8cd98f00b204e9800998ecf8427e"
                    ]
                ],
                "innerdistance_freq": [
                    [
                        {
                            "id": "test1",
                            "single_end": false
                        },
                        "test1.inner_distance_freq.txt:md5,d41d8cd98f00b204e9800998ecf8427e"
                    ],
                    [
                        {
                            "id": "test2",
                            "single_end": false
                        },
                        "test2.inner_distance_freq.txt:md5,d41d8cd98f00b204e9800998ecf8427e"
                    ]
                ],
                "innerdistance_pdf": [
                    [
                        {
                            "id": "test1",
                            "single_end": false
                        },
                        "test1.inner_distance_plot.pdf:md5,d41d8cd98f00b204e9800998ecf8427e"
                    ],
                    [
                        {
                            "id": "test2",
                            "single_end": false
                        },
                        "test2.inner_distance_plot.pdf:md5,d41d8cd98f00b204e9800998ecf8427e"
                    ]
                ],
                "innerdistance_r": [
                    [
                        {
                            "id": "test1",
                            "single_end": false
                        },
                        "test1.inner_distance_plot.r:md5,d41d8cd98f00b204e9800998ecf8427e"
                    ],
                    [
                        {
                            "id": "test2",
                            "single_end": false
                        },
                        "test2.inner_distance_plot.r:md5,d41d8cd98f00b204e9800998ecf8427e"
                    ]
                ],
                "junctionannotation_bed": [
                    [
                        {
                            "id": "test1",
                            "single_end": false
                        },
                        "test1.junction.bed:md5,d41d8cd98f00b204e9800998ecf8427e"
                    ],
                    [
                        {
                            "id": "test2",
                            "single_end": false
                        },
                        "test2.junction.bed:md5,d41d8cd98f00b204e9800998ecf8427e"
                    ]
                ],
                "junctionannotation_events_pdf": [
                    [
                        {
                            "id": "test1",
                            "single_end": false
                        },
                        "test1.events.pdf:md5,d41d8cd98f00b204e9800998ecf8427e"
                    ],
                    [
                        {
                            "id": "test2",
                            "single_end": false
                        },
                        "test2.events.pdf:md5,d41d8cd98f00b204e9800998ecf8427e"
                    ]
                ],
                "junctionannotation_interact": [
                    [
                        {
                            "id": "test1",
                            "single_end": false
                        },
                        "test1.Interact.bed:md5,d41d8cd98f00b204e9800998ecf8427e"
                    ],
                    [
                        {
                            "id": "test2",
                            "single_end": false
                        },
                        "test2.Interact.bed:md5,d41d8cd98f00b204e9800998ecf8427e"
                    ]
                ],
                "junctionannotation_log": [
                    [
                        {
                            "id": "test1",
                            "single_end": false
                        },
                        "test1.junction_annotation.log:md5,d41d8cd98f00b204e9800998ecf8427e"
                    ],
                    [
                        {
                            "id": "test2",
                            "single_end": false
                        },
                        "test2.junction_annotation.log:md5,d41d8cd98f00b204e9800998ecf8427e"
                    ]
                ],
                "junctionannotation_pdf": [
                    [
                        {
                            "id": "test1",
                            "single_end": false
                        },
                        "test1.junction.pdf:md5,d41d8cd98f00b204e9800998ecf8427e"
                    ],
                    [
                        {
                            "id": "test2",
                            "single_end": false
                        },
                        "test2.junction.pdf:md5,d41d8cd98f00b204e9800998ecf8427e"
                    ]
                ],
                "junctionannotation_r": [
                    [
                        {
                            "id": "test1",
                            "single_end": false
                        },
                        "test1.junction_plot.r:md5,d41d8cd98f00b204e9800998ecf8427e"
                    ],
                    [
                        {
                            "id": "test2",
                            "single_end": false
                        },
                        "test2.junction_plot.r:md5,d41d8cd98f00b204e9800998ecf8427e"
                    ]
                ],
                "junctionannotation_xls": [
                    [
                        {
                            "id": "test1",
                            "single_end": false
                        },
                        "test1.junction.xls:md5,d41d8cd98f00b204e9800998ecf8427e"
                    ],
                    [
                        {
                            "id": "test2",
                            "single_end": false
                        },
                        "test2.junction.xls:md5,d41d8cd98f00b204e9800998ecf8427e"
                    ]
                ],
                "readdistribution": [
                    [
                        {
                            "id": "test1",
                            "single_end": false
                        },
                        "test1.read_distribution.txt:md5,d41d8cd98f00b204e9800998ecf8427e"
                    ],
                    [
                        {
                            "id": "test2",
                            "single_end": false
                        },
                        "test2.read_distribution.txt:md5,d41d8cd98f00b204e9800998ecf8427e"
                    ]
                ],
                "readduplication_pdf": [
                    [
                        {
                            "id": "test1",
                            "single_end": false
                        },
                        "test1.DupRate_plot.pdf:md5,d41d8cd98f00b204e9800998ecf8427e"
                    ],
                    [
                        {
                            "id": "test2",
                            "single_end": false
                        },
                        "test2.DupRate_plot.pdf:md5,d41d8cd98f00b204e9800998ecf8427e"
                    ]
                ],
                "readduplication_pos": [
                    [
                        {
                            "id": "test1",
                            "single_end": false
                        },
                        "test1.pos.DupRate.xls:md5,d41d8cd98f00b204e9800998ecf8427e"
                    ],
                    [
                        {
                            "id": "test2",
                            "single_end": false
                        },
                        "test2.pos.DupRate.xls:md5,d41d8cd98f00b204e9800998ecf8427e"
                    ]
                ],
                "readduplication_r": [
                    [
                        {
                            "id": "test1",
                            "single_end": false
                        },
                        "test1.DupRate_plot.r:md5,d41d8cd98f00b204e9800998ecf8427e"
                    ],
                    [
                        {
                            "id": "test2",
                            "single_end": false
                        },
                        "test2.DupRate_plot.r:md5,d41d8cd98f00b204e9800998ecf8427e"
                    ]
                ],
                "readduplication_seq": [
                    [
                        {
                            "id": "test1",
                            "single_end": false
                        },
                        "test1.seq.DupRate.xls:md5,d41d8cd98f00b204e9800998ecf8427e"
                    ],
                    [
                        {
                            "id": "test2",
                            "single_end": false
                        },
                        "test2.seq.DupRate.xls:md5,d41d8cd98f00b204e9800998ecf8427e"
                    ]
                ],
                "tin_txt": [
                    [
                        {
                            "id": "test1",
                            "single_end": false
                        },
                        "test.paired_end.sorted.summary.txt:md5,d41d8cd98f00b204e9800998ecf8427e"
                    ],
                    [
                        {
                            "id": "test2",
                            "single_end": false
                        },
                        "test.paired_end.methylated.sorted.summary.txt:md5,d41d8cd98f00b204e9800998ecf8427e"
                    ]
                ],
                "tin_xls": [
                    [
                        {
                            "id": "test1",
                            "single_end": false
                        },
                        "test.paired_end.sorted.tin.xls:md5,d41d8cd98f00b204e9800998ecf8427e"
                    ],
                    [
                        {
                            "id": "test2",
                            "single_end": false
                        },
                        "test.paired_end.methylated.sorted.tin.xls:md5,d41d8cd98f00b204e9800998ecf8427e"
                    ]
                ]
            }
        ],
        "meta": {
            "nf-test": "0.9.3",
            "nextflow": "25.10.2"
        },
        "timestamp": "2026-02-24T19:27:27.864169023"
    },
    "sarscov2 - bam - bed - bai | inner_distance_only": {
        "content": [
            {
                "bamstat": [
                    
                ],
                "genebodycoverage_curves": [
                    
                ],
                "genebodycoverage_heatmap": [
                    
                ],
                "genebodycoverage_log": [
                    
                ],
                "genebodycoverage_r": [
                    
                ],
                "genebodycoverage_txt": [
                    
                ],
                "inferexperiment": [
                    
                ],
                "innerdistance_distance": [
                    [
                        {
                            "id": "test",
                            "single_end": false
                        },
                        "test.inner_distance.txt:md5,a1acc9def0f64a5500d4c4cb47cbe32b"
                    ]
                ],
                "innerdistance_freq": [
                    [
                        {
                            "id": "test",
                            "single_end": false
                        },
                        "test.inner_distance_freq.txt:md5,3fc037501f5899b5da009c8ce02fc25e"
                    ]
                ],
                "innerdistance_pdf": [
                    [
                        {
                            "id": "test",
                            "single_end": false
                        },
                        "test.inner_distance_plot.pdf"
                    ]
                ],
                "innerdistance_r": [
                    [
                        {
                            "id": "test",
                            "single_end": false
                        },
                        "test.inner_distance_plot.r:md5,05d4b21d8b3f5520eeb4d2eb9416969b"
                    ]
                ],
                "junctionannotation_bed": [
                    
                ],
                "junctionannotation_events_pdf": [
                    
                ],
                "junctionannotation_interact": [
                    
                ],
                "junctionannotation_log": [
                    
                ],
                "junctionannotation_pdf": [
                    
                ],
                "junctionannotation_r": [
                    
                ],
                "junctionannotation_xls": [
                    
                ],
                "readdistribution": [
                    
                ],
                "readduplication_pdf": [
                    
                ],
                "readduplication_pos": [
                    
                ],
                "readduplication_r": [
                    
                ],
                "readduplication_seq": [
                    
                ],
                "tin_txt": [
                    
                ],
                "tin_xls": [
                    
                ]
            }
        ],
        "meta": {
            "nf-test": "0.9.3",
            "nextflow": "25.10.2"
        },
        "timestamp": "2026-02-24T19:18:45.638756357"
    },
    "sarscov2 - bam - bed - bai | infer_experiment_only": {
        "content": [
            {
                "0": [
                    
                ],
                "1": [
                    
                ],
                "10": [
                    
                ],
                "11": [
                    
                ],
                "12": [
                    
                ],
                "13": [
                    
                ],
                "14": [
                    
                ],
                "15": [
                    
                ],
                "16": [
                    
                ],
                "17": [
                    
                ],
                "18": [
                    
                ],
                "19": [
                    
                ],
                "2": [
                    
                ],
                "20": [
                    
                ],
                "21": [
                    
                ],
                "22": [
                    
                ],
                "23": [
                    
                ],
                "24": [
                    
                ],
                "3": [
                    
                ],
                "4": [
                    
                ],
                "5": [
                    
                ],
                "6": [
                    [
                        {
                            "id": "test",
                            "single_end": false
                        },
                        "test.infer_experiment.txt:md5,f9d0bfc239df637cd8aeda40ade3c59a"
                    ]
                ],
                "7": [
                    
                ],
                "8": [
                    
                ],
                "9": [
                    
                ],
                "bamstat": [
                    
                ],
                "genebodycoverage_curves": [
                    
                ],
                "genebodycoverage_heatmap": [
                    
                ],
                "genebodycoverage_log": [
                    
                ],
                "genebodycoverage_r": [
                    
                ],
                "genebodycoverage_txt": [
                    
                ],
                "inferexperiment": [
                    [
                        {
                            "id": "test",
                            "single_end": false
                        },
                        "test.infer_experiment.txt:md5,f9d0bfc239df637cd8aeda40ade3c59a"
                    ]
                ],
                "innerdistance_distance": [
                    
                ],
                "innerdistance_freq": [
                    
                ],
                "innerdistance_pdf": [
                    
                ],
                "innerdistance_r": [
                    
                ],
                "junctionannotation_bed": [
                    
                ],
                "junctionannotation_events_pdf": [
                    
                ],
                "junctionannotation_interact": [
                    
                ],
                "junctionannotation_log": [
                    
                ],
                "junctionannotation_pdf": [
                    
                ],
                "junctionannotation_r": [
                    
                ],
                "junctionannotation_xls": [
                    
                ],
                "readdistribution": [
                    
                ],
                "readduplication_pdf": [
                    
                ],
                "readduplication_pos": [
                    
                ],
                "readduplication_r": [
                    
                ],
                "readduplication_seq": [
                    
                ],
                "tin_txt": [
                    
                ],
                "tin_xls": [
                    
                ]
            }
        ],
        "meta": {
            "nf-test": "0.9.3",
            "nextflow": "25.10.2"
        },
        "timestamp": "2026-02-24T19:17:38.392717031"
    },
    "sarscov2 - bam - bed - bai": {
        "content": [
            {
                "bamstat": [
                    [
                        {
                            "id": "test1",
                            "single_end": false
                        },
                        "test1.bam_stat.txt:md5,2675857864c1d1139b2a19d25dc36b09"
                    ],
                    [
                        {
                            "id": "test2",
                            "single_end": false
                        },
                        "test2.bam_stat.txt:md5,3faeee30a6789db2df464b6e5adc4931"
                    ]
                ],
                "genebodycoverage_curves": [
                    [
                        {
                            "id": "2 samples"
                        },
                        "genebodycoverage.geneBodyCoverage.curves.pdf"
                    ]
                ],
                "genebodycoverage_heatmap": [
                    
                ],
                "genebodycoverage_log": [
                    [
                        {
                            "id": "2 samples"
                        },
                        "log.txt"
                    ]
                ],
                "genebodycoverage_r": [
                    [
                        {
                            "id": "2 samples"
                        },
                        "genebodycoverage.geneBodyCoverage.r:md5,30b2d095406c849305035159acdd6499"
                    ]
                ],
                "genebodycoverage_txt": [
                    [
                        {
                            "id": "2 samples"
                        },
                        "genebodycoverage.geneBodyCoverage.txt:md5,11ecc8f0c9644450685fe48ead48ffe4"
                    ]
                ],
                "inferexperiment": [
                    [
                        {
                            "id": "test1",
                            "single_end": false
                        },
                        "test1.infer_experiment.txt:md5,f9d0bfc239df637cd8aeda40ade3c59a"
                    ],
                    [
                        {
                            "id": "test2",
                            "single_end": false
                        },
                        "test2.infer_experiment.txt:md5,8418e91a12a842ca4d4a5c29819c53ab"
                    ]
                ],
                "innerdistance_distance": [
                    [
                        {
                            "id": "test1",
                            "single_end": false
                        },
                        "test1.inner_distance.txt:md5,a1acc9def0f64a5500d4c4cb47cbe32b"
                    ],
                    [
                        {
                            "id": "test2",
                            "single_end": false
                        },
                        "test2.inner_distance.txt:md5,aa5d3c29f3be2b86f000b82b16387089"
                    ]
                ],
                "innerdistance_freq": [
                    [
                        {
                            "id": "test1",
                            "single_end": false
                        },
                        "test1.inner_distance_freq.txt:md5,3fc037501f5899b5da009c8ce02fc25e"
                    ],
                    [
                        {
                            "id": "test2",
                            "single_end": false
                        },
                        "test2.inner_distance_freq.txt:md5,c1c43fa14b06c0af2918d75517e2ef25"
                    ]
                ],
                "innerdistance_pdf": [
                    [
                        {
                            "id": "test1",
                            "single_end": false
                        },
                        "test1.inner_distance_plot.pdf"
                    ],
                    [
                        {
                            "id": "test2",
                            "single_end": false
                        },
                        "test2.inner_distance_plot.pdf"
                    ]
                ],
                "innerdistance_r": [
                    [
                        {
                            "id": "test1",
                            "single_end": false
                        },
                        "test1.inner_distance_plot.r:md5,18987a1584cb4e1b97837273b31c983e"
                    ],
                    [
                        {
                            "id": "test2",
                            "single_end": false
                        },
                        "test2.inner_distance_plot.r:md5,350fc601936d8ebb108420ccdc94f882"
                    ]
                ],
                "junctionannotation_bed": [
                    
                ],
                "junctionannotation_events_pdf": [
                    
                ],
                "junctionannotation_interact": [
                    
                ],
                "junctionannotation_log": [
                    [
                        {
                            "id": "test1",
                            "single_end": false
                        },
                        "test1.junction_annotation.log"
                    ],
                    [
                        {
                            "id": "test2",
                            "single_end": false
                        },
                        "test2.junction_annotation.log"
                    ]
                ],
                "junctionannotation_pdf": [
                    
                ],
                "junctionannotation_r": [
                    [
                        {
                            "id": "test1",
                            "single_end": false
                        },
                        "test1.junction_plot.r:md5,d41d8cd98f00b204e9800998ecf8427e"
                    ],
                    [
                        {
                            "id": "test2",
                            "single_end": false
                        },
                        "test2.junction_plot.r:md5,d41d8cd98f00b204e9800998ecf8427e"
                    ]
                ],
                "junctionannotation_xls": [
                    [
                        {
                            "id": "test1",
                            "single_end": false
                        },
                        "test1.junction.xls:md5,d41d8cd98f00b204e9800998ecf8427e"
                    ],
                    [
                        {
                            "id": "test2",
                            "single_end": false
                        },
                        "test2.junction.xls:md5,d41d8cd98f00b204e9800998ecf8427e"
                    ]
                ],
                "readdistribution": [
                    [
                        {
                            "id": "test1",
                            "single_end": false
                        },
                        "test1.read_distribution.txt:md5,56893fdc0809d968629a363551a1655f"
                    ],
                    [
                        {
                            "id": "test2",
                            "single_end": false
                        },
                        "test2.read_distribution.txt:md5,42add9143f6578252764721e1b2aa24a"
                    ]
                ],
                "readduplication_pdf": [
                    [
                        {
                            "id": "test1",
                            "single_end": false
                        },
                        "test1.DupRate_plot.pdf"
                    ],
                    [
                        {
                            "id": "test2",
                            "single_end": false
                        },
                        "test2.DupRate_plot.pdf"
                    ]
                ],
                "readduplication_pos": [
                    [
                        {
                            "id": "test1",
                            "single_end": false
                        },
                        "test1.pos.DupRate.xls:md5,a859bc2031d46bf1cc4336205847caa3"
                    ],
                    [
                        {
                            "id": "test2",
                            "single_end": false
                        },
                        "test2.pos.DupRate.xls:md5,bbdb83b3d79229e8f9d832f0439c864e"
                    ]
                ],
                "readduplication_r": [
                    [
                        {
                            "id": "test1",
                            "single_end": false
                        },
                        "test1.DupRate_plot.r:md5,7cd26e43823027361b87c805a0d189d4"
                    ],
                    [
                        {
                            "id": "test2",
                            "single_end": false
                        },
                        "test2.DupRate_plot.r:md5,e8e103e817dbcb92050a1ae41a6db355"
                    ]
                ],
                "readduplication_seq": [
                    [
                        {
                            "id": "test1",
                            "single_end": false
                        },
                        "test1.seq.DupRate.xls:md5,ee8783399eec5a18522a6f08bece338b"
                    ],
                    [
                        {
                            "id": "test2",
                            "single_end": false
                        },
                        "test2.seq.DupRate.xls:md5,c0e9f700729b8ea826ea16d68d416cdb"
                    ]
                ],
                "tin_txt": [
                    [
                        {
                            "id": "test1",
                            "single_end": false
                        },
                        "test.paired_end.sorted.summary.txt:md5,9d98447e178b89a89f6f5aba7a772fe6"
                    ],
                    [
                        {
                            "id": "test2",
                            "single_end": false
                        },
                        "test.paired_end.methylated.sorted.summary.txt:md5,f23bb778c642ee00cdcc9d6733ff4f7b"
                    ]
                ],
                "tin_xls": [
                    [
                        {
                            "id": "test1",
                            "single_end": false
                        },
                        "test.paired_end.sorted.tin.xls:md5,abdbb6d51a5cd7038cd862ce241ecef1"
                    ],
                    [
                        {
                            "id": "test2",
                            "single_end": false
                        },
                        "test.paired_end.methylated.sorted.tin.xls:md5,23c0dea116a61119749e4f4060736bed"
                    ]
                ]
            }
        ],
        "meta": {
            "nf-test": "0.9.3",
            "nextflow": "25.10.2"
        },
        "timestamp": "2026-02-24T19:14:18.38851365"
    },
    "sarscov2 - bam - bed - bai | read_distribution_only": {
        "content": [
            {
                "0": [
                    
                ],
                "1": [
                    
                ],
                "10": [
                    
                ],
                "11": [
                    
                ],
                "12": [
                    
                ],
                "13": [
                    
                ],
                "14": [
                    
                ],
                "15": [
                    
                ],
                "16": [
                    
                ],
                "17": [
                    
                ],
                "18": [
                    [
                        {
                            "id": "test",
                            "single_end": false
                        },
                        "test.read_distribution.txt:md5,56893fdc0809d968629a363551a1655f"
                    ]
                ],
                "19": [
                    
                ],
                "2": [
                    
                ],
                "20": [
                    
                ],
                "21": [
                    
                ],
                "22": [
                    
                ],
                "23": [
                    
                ],
                "24": [
                    
                ],
                "3": [
                    
                ],
                "4": [
                    
                ],
                "5": [
                    
                ],
                "6": [
                    
                ],
                "7": [
                    
                ],
                "8": [
                    
                ],
                "9": [
                    
                ],
                "bamstat": [
                    
                ],
                "genebodycoverage_curves": [
                    
                ],
                "genebodycoverage_heatmap": [
                    
                ],
                "genebodycoverage_log": [
                    
                ],
                "genebodycoverage_r": [
                    
                ],
                "genebodycoverage_txt": [
                    
                ],
                "inferexperiment": [
                    
                ],
                "innerdistance_distance": [
                    
                ],
                "innerdistance_freq": [
                    
                ],
                "innerdistance_pdf": [
                    
                ],
                "innerdistance_r": [
                    
                ],
                "junctionannotation_bed": [
                    
                ],
                "junctionannotation_events_pdf": [
                    
                ],
                "junctionannotation_interact": [
                    
                ],
                "junctionannotation_log": [
                    
                ],
                "junctionannotation_pdf": [
                    
                ],
                "junctionannotation_r": [
                    
                ],
                "junctionannotation_xls": [
                    
                ],
                "readdistribution": [
                    [
                        {
                            "id": "test",
                            "single_end": false
                        },
                        "test.read_distribution.txt:md5,56893fdc0809d968629a363551a1655f"
                    ]
                ],
                "readduplication_pdf": [
                    
                ],
                "readduplication_pos": [
                    
                ],
                "readduplication_r": [
                    
                ],
                "readduplication_seq": [
                    
                ],
                "tin_txt": [
                    
                ],
                "tin_xls": [
                    
                ]
            }
        ],
        "meta": {
            "nf-test": "0.9.3",
            "nextflow": "25.10.2"
        },
        "timestamp": "2026-02-24T19:22:04.750132544"
    },
    "sarscov2 - bam - bed - bai | bam_stat_only": {
        "content": [
            {
                "0": [
                    [
                        {
                            "id": "test",
                            "single_end": false
                        },
                        "test.bam_stat.txt:md5,2675857864c1d1139b2a19d25dc36b09"
                    ]
                ],
                "1": [
                    
                ],
                "10": [
                    
                ],
                "11": [
                    
                ],
                "12": [
                    
                ],
                "13": [
                    
                ],
                "14": [
                    
                ],
                "15": [
                    
                ],
                "16": [
                    
                ],
                "17": [
                    
                ],
                "18": [
                    
                ],
                "19": [
                    
                ],
                "2": [
                    
                ],
                "20": [
                    
                ],
                "21": [
                    
                ],
                "22": [
                    
                ],
                "23": [
                    
                ],
                "24": [
                    
                ],
                "3": [
                    
                ],
                "4": [
                    
                ],
                "5": [
                    
                ],
                "6": [
                    
                ],
                "7": [
                    
                ],
                "8": [
                    
                ],
                "9": [
                    
                ],
                "bamstat": [
                    [
                        {
                            "id": "test",
                            "single_end": false
                        },
                        "test.bam_stat.txt:md5,2675857864c1d1139b2a19d25dc36b09"
                    ]
                ],
                "genebodycoverage_curves": [
                    
                ],
                "genebodycoverage_heatmap": [
                    
                ],
                "genebodycoverage_log": [
                    
                ],
                "genebodycoverage_r": [
                    
                ],
                "genebodycoverage_txt": [
                    
                ],
                "inferexperiment": [
                    
                ],
                "innerdistance_distance": [
                    
                ],
                "innerdistance_freq": [
                    
                ],
                "innerdistance_pdf": [
                    
                ],
                "innerdistance_r": [
                    
                ],
                "junctionannotation_bed": [
                    
                ],
                "junctionannotation_events_pdf": [
                    
                ],
                "junctionannotation_interact": [
                    
                ],
                "junctionannotation_log": [
                    
                ],
                "junctionannotation_pdf": [
                    
                ],
                "junctionannotation_r": [
                    
                ],
                "junctionannotation_xls": [
                    
                ],
                "readdistribution": [
                    
                ],
                "readduplication_pdf": [
                    
                ],
                "readduplication_pos": [
                    
                ],
                "readduplication_r": [
                    
                ],
                "readduplication_seq": [
                    
                ],
                "tin_txt": [
                    
                ],
                "tin_xls": [
                    
                ]
            }
        ],
        "meta": {
            "nf-test": "0.9.3",
            "nextflow": "25.10.2"
        },
        "timestamp": "2026-02-24T19:15:25.012799945"
    }
}