{
    "sarscov2 - fastq1 | quantseq": {
        "content": [
            {
                "log": [
                    [
                        {
                            "id": "test",
                            "single_end": true
                        },
                        "test.umi_extract.log"
                    ]
                ],
                "reads": [
                    [
                        {
                            "id": "test",
                            "single_end": true
                        },
                        "test.umi_extract.fastq.gz:md5,00ad1c7d121baa6eb53cc1062704e873"
                    ]
                ],
                "versions_umitools": [
                    [
                        "UMITOOLS_EXTRACT",
                        "umitools",
                        "1.1.6"
                    ]
                ]
            }
        ],
        "meta": {
            "nf-test": "0.9.3",
            "nextflow": "25.10.2"
        },
        "timestamp": "2026-02-21T02:08:43.912400763"
    },
    "sarscov2 - fastq1 | takara": {
        "content": [
            {
                "log": [
                    [
                        {
                            "id": "test",
                            "single_end": false
                        },
                        "test.umi_extract.log"
                    ]
                ],
                "reads": [
                    [
                        {
                            "id": "test",
                            "single_end": false
                        },
                        [
                            "test.umi_extract_1.fastq.gz:md5,bdb2826c6d99aa37df3a8e6c5ced76b6",
                            "test.umi_extract_2.fastq.gz:md5,43f3b067bb51b760d8d2a6a9e26ee4fe"
                        ]
                    ]
                ],
                "versions_umitools": [
                    [
                        "UMITOOLS_EXTRACT",
                        "umitools",
                        "1.1.6"
                    ]
                ]
            }
        ],
        "meta": {
            "nf-test": "0.9.3",
            "nextflow": "25.10.2"
        },
        "timestamp": "2026-02-21T02:10:53.433871436"
    },
    "sarscov2 - fastq1 - stub | corall": {
        "content": [
            {
                "0": [
                    [
                        {
                            "id": "test",
                            "single_end": true
                        },
                        "test.umi_extract.fastq.gz:md5,68b329da9893e34099c7d8ad5cb9c940"
                    ]
                ],
                "1": [
                    [
                        {
                            "id": "test",
                            "single_end": true
                        },
                        "test.umi_extract.log:md5,d41d8cd98f00b204e9800998ecf8427e"
                    ]
                ],
                "2": [
                    [
                        "UMITOOLS_EXTRACT",
                        "umitools",
                        "1.1.6"
                    ]
                ],
                "log": [
                    [
                        {
                            "id": "test",
                            "single_end": true
                        },
                        "test.umi_extract.log:md5,d41d8cd98f00b204e9800998ecf8427e"
                    ]
                ],
                "reads": [
                    [
                        {
                            "id": "test",
                            "single_end": true
                        },
                        "test.umi_extract.fastq.gz:md5,68b329da9893e34099c7d8ad5cb9c940"
                    ]
                ],
                "versions_umitools": [
                    [
                        "UMITOOLS_EXTRACT",
                        "umitools",
                        "1.1.6"
                    ]
                ]
            }
        ],
        "meta": {
            "nf-test": "0.9.3",
            "nextflow": "25.10.2"
        },
        "timestamp": "2026-02-21T02:12:02.00585306"
    },
    "sarscov2 - fastq1 - stub | quantseq": {
        "content": [
            {
                "0": [
                    [
                        {
                            "id": "test",
                            "single_end": false
                        },
                        [
                            "test.umi_extract_1.fastq.gz:md5,68b329da9893e34099c7d8ad5cb9c940",
                            "test.umi_extract_2.fastq.gz:md5,68b329da9893e34099c7d8ad5cb9c940"
                        ]
                    ]
                ],
                "1": [
                    [
                        {
                            "id": "test",
                            "single_end": false
                        },
                        "test.umi_extract.log:md5,d41d8cd98f00b204e9800998ecf8427e"
                    ]
                ],
                "2": [
                    [
                        "UMITOOLS_EXTRACT",
                        "umitools",
                        "1.1.6"
                    ]
                ],
                "log": [
                    [
                        {
                            "id": "test",
                            "single_end": false
                        },
                        "test.umi_extract.log:md5,d41d8cd98f00b204e9800998ecf8427e"
                    ]
                ],
                "reads": [
                    [
                        {
                            "id": "test",
                            "single_end": false
                        },
                        [
                            "test.umi_extract_1.fastq.gz:md5,68b329da9893e34099c7d8ad5cb9c940",
                            "test.umi_extract_2.fastq.gz:md5,68b329da9893e34099c7d8ad5cb9c940"
                        ]
                    ]
                ],
                "versions_umitools": [
                    [
                        "UMITOOLS_EXTRACT",
                        "umitools",
                        "1.1.6"
                    ]
                ]
            }
        ],
        "meta": {
            "nf-test": "0.9.3",
            "nextflow": "25.10.2"
        },
        "timestamp": "2026-02-21T02:13:25.5257917"
    }
}