{
    "Should extract UMIs from single-end reads and return UMI-extracted FASTQ with log": {
        "content": [
            [
                [
                    {
                        "id": "test",
                        "single_end": true
                    },
                    "test.umi_extract.fastq.gz:md5,00ad1c7d121baa6eb53cc1062704e873"
                ]
            ],
            [
                "versions.yml:md5,0ce013e3535927489f7d485f1e8ca54f"
            ]
        ],
        "meta": {
            "nf-test": "0.9.3",
            "nextflow": "25.10.2"
        },
        "timestamp": "2026-01-18T01:16:46.110901528"
    },
    "Should stub extract UMIs from single-end reads and return mocked UMI-extracted FASTQ with log": {
        "content": [
            {
                "0": [
                    [
                        {
                            "id": "test",
                            "single_end": true
                        },
                        "test.umi_extract.fastq.gz:md5,68b329da9893e34099c7d8ad5cb9c940"
                    ]
                ],
                "1": [
                    [
                        {
                            "id": "test",
                            "single_end": true
                        },
                        "test.umi_extract.log:md5,d41d8cd98f00b204e9800998ecf8427e"
                    ]
                ],
                "2": [
                    "versions.yml:md5,0ce013e3535927489f7d485f1e8ca54f"
                ],
                "log": [
                    [
                        {
                            "id": "test",
                            "single_end": true
                        },
                        "test.umi_extract.log:md5,d41d8cd98f00b204e9800998ecf8427e"
                    ]
                ],
                "reads": [
                    [
                        {
                            "id": "test",
                            "single_end": true
                        },
                        "test.umi_extract.fastq.gz:md5,68b329da9893e34099c7d8ad5cb9c940"
                    ]
                ],
                "versions": [
                    "versions.yml:md5,0ce013e3535927489f7d485f1e8ca54f"
                ]
            }
        ],
        "meta": {
            "nf-test": "0.9.3",
            "nextflow": "25.10.2"
        },
        "timestamp": "2026-01-18T01:22:35.411894887"
    },
    "Should stub extract UMIs from paired-end reads and return mocked UMI-extracted FASTQ files with log": {
        "content": [
            {
                "0": [
                    [
                        {
                            "id": "test",
                            "single_end": false
                        },
                        "test.umi_extract.fastq.gz:md5,68b329da9893e34099c7d8ad5cb9c940"
                    ]
                ],
                "1": [
                    [
                        {
                            "id": "test",
                            "single_end": false
                        },
                        "test.umi_extract.log:md5,d41d8cd98f00b204e9800998ecf8427e"
                    ]
                ],
                "2": [
                    "versions.yml:md5,0ce013e3535927489f7d485f1e8ca54f"
                ],
                "log": [
                    [
                        {
                            "id": "test",
                            "single_end": false
                        },
                        "test.umi_extract.log:md5,d41d8cd98f00b204e9800998ecf8427e"
                    ]
                ],
                "reads": [
                    [
                        {
                            "id": "test",
                            "single_end": false
                        },
                        "test.umi_extract.fastq.gz:md5,68b329da9893e34099c7d8ad5cb9c940"
                    ]
                ],
                "versions": [
                    "versions.yml:md5,0ce013e3535927489f7d485f1e8ca54f"
                ]
            }
        ],
        "meta": {
            "nf-test": "0.9.3",
            "nextflow": "25.10.2"
        },
        "timestamp": "2026-01-18T01:23:32.744721378"
    },
    "Should extract UMIs from paired-end reads and return UMI-extracted FASTQ files with log": {
        "content": [
            [
                [
                    {
                        "id": "test",
                        "single_end": false
                    },
                    [
                        "test.umi_extract_1.fastq.gz:md5,ea855bf6298aab237e9729a197763e62",
                        "test.umi_extract_2.fastq.gz:md5,c76919884edeed5b38c04d0794541017"
                    ]
                ]
            ],
            [
                "versions.yml:md5,0ce013e3535927489f7d485f1e8ca54f"
            ]
        ],
        "meta": {
            "nf-test": "0.9.3",
            "nextflow": "25.10.2"
        },
        "timestamp": "2026-01-18T01:18:07.112122429"
    }
}